Archive member included to satisfy reference by file (symbol)

/Applications/Eclipse.app/Contents/Eclipse/plugins/fr.ac6.mcu.externaltools.arm-none.macos64_1.15.0.201708311556/tools/compiler/bin/../lib/gcc/arm-none-eabi/7.2.1/thumb/v7e-m/fpv4-sp/hard/libgcc.a(_aeabi_ldivmod.o)
                              Drivers/STM32L4xx_HAL_Driver/Src/stm32l4xx_hal_uart.o (__aeabi_ldivmod)
/Applications/Eclipse.app/Contents/Eclipse/plugins/fr.ac6.mcu.externaltools.arm-none.macos64_1.15.0.201708311556/tools/compiler/bin/../lib/gcc/arm-none-eabi/7.2.1/thumb/v7e-m/fpv4-sp/hard/libgcc.a(_aeabi_uldivmod.o)
                              Drivers/STM32L4xx_HAL_Driver/Src/stm32l4xx_hal_uart.o (__aeabi_uldivmod)
/Applications/Eclipse.app/Contents/Eclipse/plugins/fr.ac6.mcu.externaltools.arm-none.macos64_1.15.0.201708311556/tools/compiler/bin/../lib/gcc/arm-none-eabi/7.2.1/thumb/v7e-m/fpv4-sp/hard/libgcc.a(_udivmoddi4.o)
                              /Applications/Eclipse.app/Contents/Eclipse/plugins/fr.ac6.mcu.externaltools.arm-none.macos64_1.15.0.201708311556/tools/compiler/bin/../lib/gcc/arm-none-eabi/7.2.1/thumb/v7e-m/fpv4-sp/hard/libgcc.a(_aeabi_ldivmod.o) (__udivmoddi4)
/Applications/Eclipse.app/Contents/Eclipse/plugins/fr.ac6.mcu.externaltools.arm-none.macos64_1.15.0.201708311556/tools/compiler/bin/../lib/gcc/arm-none-eabi/7.2.1/thumb/v7e-m/fpv4-sp/hard/libgcc.a(_dvmd_tls.o)
                              /Applications/Eclipse.app/Contents/Eclipse/plugins/fr.ac6.mcu.externaltools.arm-none.macos64_1.15.0.201708311556/tools/compiler/bin/../lib/gcc/arm-none-eabi/7.2.1/thumb/v7e-m/fpv4-sp/hard/libgcc.a(_aeabi_ldivmod.o) (__aeabi_ldiv0)
/Applications/Eclipse.app/Contents/Eclipse/plugins/fr.ac6.mcu.externaltools.arm-none.macos64_1.15.0.201708311556/tools/compiler/bin/../lib/gcc/arm-none-eabi/7.2.1/../../../../arm-none-eabi/lib/thumb/v7e-m/fpv4-sp/hard/libc_nano.a(lib_a-calloc.o)
                              Src/ringbufferdma.o (calloc)
/Applications/Eclipse.app/Contents/Eclipse/plugins/fr.ac6.mcu.externaltools.arm-none.macos64_1.15.0.201708311556/tools/compiler/bin/../lib/gcc/arm-none-eabi/7.2.1/../../../../arm-none-eabi/lib/thumb/v7e-m/fpv4-sp/hard/libc_nano.a(lib_a-exit.o)
                              /Applications/Eclipse.app/Contents/Eclipse/plugins/fr.ac6.mcu.externaltools.arm-none.macos64_1.15.0.201708311556/tools/compiler/bin/../lib/gcc/arm-none-eabi/7.2.1/../../../../arm-none-eabi/lib/thumb/v7e-m/fpv4-sp/hard/crt0.o (exit)
/Applications/Eclipse.app/Contents/Eclipse/plugins/fr.ac6.mcu.externaltools.arm-none.macos64_1.15.0.201708311556/tools/compiler/bin/../lib/gcc/arm-none-eabi/7.2.1/../../../../arm-none-eabi/lib/thumb/v7e-m/fpv4-sp/hard/libc_nano.a(lib_a-impure.o)
                              /Applications/Eclipse.app/Contents/Eclipse/plugins/fr.ac6.mcu.externaltools.arm-none.macos64_1.15.0.201708311556/tools/compiler/bin/../lib/gcc/arm-none-eabi/7.2.1/../../../../arm-none-eabi/lib/thumb/v7e-m/fpv4-sp/hard/libc_nano.a(lib_a-exit.o) (_global_impure_ptr)
/Applications/Eclipse.app/Contents/Eclipse/plugins/fr.ac6.mcu.externaltools.arm-none.macos64_1.15.0.201708311556/tools/compiler/bin/../lib/gcc/arm-none-eabi/7.2.1/../../../../arm-none-eabi/lib/thumb/v7e-m/fpv4-sp/hard/libc_nano.a(lib_a-init.o)
                              /Applications/Eclipse.app/Contents/Eclipse/plugins/fr.ac6.mcu.externaltools.arm-none.macos64_1.15.0.201708311556/tools/compiler/bin/../lib/gcc/arm-none-eabi/7.2.1/../../../../arm-none-eabi/lib/thumb/v7e-m/fpv4-sp/hard/crt0.o (__libc_init_array)
/Applications/Eclipse.app/Contents/Eclipse/plugins/fr.ac6.mcu.externaltools.arm-none.macos64_1.15.0.201708311556/tools/compiler/bin/../lib/gcc/arm-none-eabi/7.2.1/../../../../arm-none-eabi/lib/thumb/v7e-m/fpv4-sp/hard/libc_nano.a(lib_a-malloc.o)
                              Src/ringbufferdma.o (free)
/Applications/Eclipse.app/Contents/Eclipse/plugins/fr.ac6.mcu.externaltools.arm-none.macos64_1.15.0.201708311556/tools/compiler/bin/../lib/gcc/arm-none-eabi/7.2.1/../../../../arm-none-eabi/lib/thumb/v7e-m/fpv4-sp/hard/libc_nano.a(lib_a-memcpy-stub.o)
                              Src/usb_device.o (memcpy)
/Applications/Eclipse.app/Contents/Eclipse/plugins/fr.ac6.mcu.externaltools.arm-none.macos64_1.15.0.201708311556/tools/compiler/bin/../lib/gcc/arm-none-eabi/7.2.1/../../../../arm-none-eabi/lib/thumb/v7e-m/fpv4-sp/hard/libc_nano.a(lib_a-memset.o)
                              /Applications/Eclipse.app/Contents/Eclipse/plugins/fr.ac6.mcu.externaltools.arm-none.macos64_1.15.0.201708311556/tools/compiler/bin/../lib/gcc/arm-none-eabi/7.2.1/../../../../arm-none-eabi/lib/thumb/v7e-m/fpv4-sp/hard/crt0.o (memset)
/Applications/Eclipse.app/Contents/Eclipse/plugins/fr.ac6.mcu.externaltools.arm-none.macos64_1.15.0.201708311556/tools/compiler/bin/../lib/gcc/arm-none-eabi/7.2.1/../../../../arm-none-eabi/lib/thumb/v7e-m/fpv4-sp/hard/libc_nano.a(lib_a-nano-callocr.o)
[...]
Memory Configuration

Name             Origin             Length             Attributes
RAM              0x0000000020000000 0x0000000000010000 xrw
FLASH            0x0000000008000000 0x0000000000040000 xr
*default*        0x0000000000000000 0xffffffffffffffff

Linker script and memory map

LOAD /Applications/Eclipse.app/Contents/Eclipse/plugins/fr.ac6.mcu.externaltools.arm-none.macos64_1.15.0.201708311556/tools/compiler/bin/../lib/gcc/arm-none-eabi/7.2.1/thumb/v7e-m/fpv4-sp/hard/crti.o
LOAD /Applications/Eclipse.app/Contents/Eclipse/plugins/fr.ac6.mcu.externaltools.arm-none.macos64_1.15.0.201708311556/tools/compiler/bin/../lib/gcc/arm-none-eabi/7.2.1/thumb/v7e-m/fpv4-sp/hard/crtbegin.o
LOAD /Applications/Eclipse.app/Contents/Eclipse/plugins/fr.ac6.mcu.externaltools.arm-none.macos64_1.15.0.201708311556/tools/compiler/bin/../lib/gcc/arm-none-eabi/7.2.1/../../../../arm-none-eabi/lib/thumb/v7e-m/fpv4-sp/hard/crt0.o
LOAD Drivers/STM32L4xx_HAL_Driver/Src/stm32l4xx_hal.o
LOAD Drivers/STM32L4xx_HAL_Driver/Src/stm32l4xx_hal_cortex.o
LOAD Drivers/STM32L4xx_HAL_Driver/Src/stm32l4xx_hal_dma.o
LOAD Drivers/STM32L4xx_HAL_Driver/Src/stm32l4xx_hal_dma_ex.o
LOAD Drivers/STM32L4xx_HAL_Driver/Src/stm32l4xx_hal_flash.o
LOAD Drivers/STM32L4xx_HAL_Driver/Src/stm32l4xx_hal_flash_ex.o
LOAD Drivers/STM32L4xx_HAL_Driver/Src/stm32l4xx_hal_flash_ramfunc.o
LOAD Drivers/STM32L4xx_HAL_Driver/Src/stm32l4xx_hal_gpio.o
LOAD Drivers/STM32L4xx_HAL_Driver/Src/stm32l4xx_hal_i2c.o
LOAD Drivers/STM32L4xx_HAL_Driver/Src/stm32l4xx_hal_i2c_ex.o
LOAD Drivers/STM32L4xx_HAL_Driver/Src/stm32l4xx_hal_pcd.o
LOAD Drivers/STM32L4xx_HAL_Driver/Src/stm32l4xx_hal_pcd_ex.o
LOAD Drivers/STM32L4xx_HAL_Driver/Src/stm32l4xx_hal_pwr.o
LOAD Drivers/STM32L4xx_HAL_Driver/Src/stm32l4xx_hal_pwr_ex.o
LOAD Drivers/STM32L4xx_HAL_Driver/Src/stm32l4xx_hal_rcc.o
LOAD Drivers/STM32L4xx_HAL_Driver/Src/stm32l4xx_hal_rcc_ex.o
LOAD Drivers/STM32L4xx_HAL_Driver/Src/stm32l4xx_hal_tim.o
LOAD Drivers/STM32L4xx_HAL_Driver/Src/stm32l4xx_hal_tim_ex.o
LOAD Drivers/STM32L4xx_HAL_Driver/Src/stm32l4xx_hal_uart.o
LOAD Drivers/STM32L4xx_HAL_Driver/Src/stm32l4xx_hal_uart_ex.o
LOAD Drivers/STM32L4xx_HAL_Driver/Src/stm32l4xx_ll_usb.o
LOAD Middlewares/ST/STM32_USB_Device_Library/Class/CustomHID/Src/usbd_customhid.o
LOAD Middlewares/ST/STM32_USB_Device_Library/Core/Src/usbd_core.o
LOAD Middlewares/ST/STM32_USB_Device_Library/Core/Src/usbd_ctlreq.o
LOAD Middlewares/ST/STM32_USB_Device_Library/Core/Src/usbd_ioreq.o
LOAD Src/dma.o
LOAD Src/gpio.o
LOAD Src/main.o
LOAD Src/ringbufferdma.o
LOAD Src/sbus.o
LOAD Src/stm32l4xx_hal_msp.o
LOAD Src/stm32l4xx_it.o
LOAD Src/system_stm32l4xx.o
LOAD Src/usart.o
LOAD Src/usb_device.o
LOAD Src/usbd_conf.o
LOAD Src/usbd_custom_hid_if.o
LOAD Src/usbd_desc.o
LOAD startup/startup_stm32l432xx.o
LOAD /Applications/Eclipse.app/Contents/Eclipse/plugins/fr.ac6.mcu.externaltools.arm-none.macos64_1.15.0.201708311556/tools/compiler/bin/../lib/gcc/arm-none-eabi/7.2.1/../../../../arm-none-eabi/lib/thumb/v7e-m/fpv4-sp/hard/libm.a
START GROUP
LOAD /Applications/Eclipse.app/Contents/Eclipse/plugins/fr.ac6.mcu.externaltools.arm-none.macos64_1.15.0.201708311556/tools/compiler/bin/../lib/gcc/arm-none-eabi/7.2.1/thumb/v7e-m/fpv4-sp/hard/libgcc.a
LOAD /Applications/Eclipse.app/Contents/Eclipse/plugins/fr.ac6.mcu.externaltools.arm-none.macos64_1.15.0.201708311556/tools/compiler/bin/../lib/gcc/arm-none-eabi/7.2.1/../../../../arm-none-eabi/lib/thumb/v7e-m/fpv4-sp/hard/libc_nano.a
END GROUP
START GROUP
LOAD /Applications/Eclipse.app/Contents/Eclipse/plugins/fr.ac6.mcu.externaltools.arm-none.macos64_1.15.0.201708311556/tools/compiler/bin/../lib/gcc/arm-none-eabi/7.2.1/thumb/v7e-m/fpv4-sp/hard/libgcc.a
LOAD /Applications/Eclipse.app/Contents/Eclipse/plugins/fr.ac6.mcu.externaltools.arm-none.macos64_1.15.0.201708311556/tools/compiler/bin/../lib/gcc/arm-none-eabi/7.2.1/../../../../arm-none-eabi/lib/thumb/v7e-m/fpv4-sp/hard/libc_nano.a
LOAD /Applications/Eclipse.app/Contents/Eclipse/plugins/fr.ac6.mcu.externaltools.arm-none.macos64_1.15.0.201708311556/tools/compiler/bin/../lib/gcc/arm-none-eabi/7.2.1/../../../../arm-none-eabi/lib/thumb/v7e-m/fpv4-sp/hard/libnosys.a
END GROUP
START GROUP
LOAD /Applications/Eclipse.app/Contents/Eclipse/plugins/fr.ac6.mcu.externaltools.arm-none.macos64_1.15.0.201708311556/tools/compiler/bin/../lib/gcc/arm-none-eabi/7.2.1/thumb/v7e-m/fpv4-sp/hard/libgcc.a
LOAD /Applications/Eclipse.app/Contents/Eclipse/plugins/fr.ac6.mcu.externaltools.arm-none.macos64_1.15.0.201708311556/tools/compiler/bin/../lib/gcc/arm-none-eabi/7.2.1/../../../../arm-none-eabi/lib/thumb/v7e-m/fpv4-sp/hard/libc_nano.a
LOAD /Applications/Eclipse.app/Contents/Eclipse/plugins/fr.ac6.mcu.externaltools.arm-none.macos64_1.15.0.201708311556/tools/compiler/bin/../lib/gcc/arm-none-eabi/7.2.1/../../../../arm-none-eabi/lib/thumb/v7e-m/fpv4-sp/hard/libnosys.a
END GROUP
LOAD /Applications/Eclipse.app/Contents/Eclipse/plugins/fr.ac6.mcu.externaltools.arm-none.macos64_1.15.0.201708311556/tools/compiler/bin/../lib/gcc/arm-none-eabi/7.2.1/thumb/v7e-m/fpv4-sp/hard/crtend.o
LOAD /Applications/Eclipse.app/Contents/Eclipse/plugins/fr.ac6.mcu.externaltools.arm-none.macos64_1.15.0.201708311556/tools/compiler/bin/../lib/gcc/arm-none-eabi/7.2.1/thumb/v7e-m/fpv4-sp/hard/crtn.o
                0x0000000020010000                _estack = 0x20010000
                0x0000000000000200                _Min_Heap_Size = 0x200
                0x0000000000000400                _Min_Stack_Size = 0x400

.isr_vector     0x0000000008000000      0x190
                0x0000000008000000                . = ALIGN (0x8)
 *(.isr_vector)
 .isr_vector    0x0000000008000000      0x18c startup/startup_stm32l432xx.o
                0x0000000008000000                g_pfnVectors
                0x0000000008000190                . = ALIGN (0x8)
 *fill*         0x000000000800018c        0x4 

.text           0x0000000008000190     0x3ed0
                0x0000000008000190                . = ALIGN (0x8)
 *(.text)
 .text          0x0000000008000190       0x40 /Applications/Eclipse.app/Contents/Eclipse/plugins/fr.ac6.mcu.externaltools.arm-none.macos64_1.15.0.201708311556/tools/compiler/bin/../lib/gcc/arm-none-eabi/7.2.1/thumb/v7e-m/fpv4-sp/hard/crtbegin.o
 .text          0x00000000080001d0       0x30 /Applications/Eclipse.app/Contents/Eclipse/plugins/fr.ac6.mcu.externaltools.arm-none.macos64_1.15.0.201708311556/tools/compiler/bin/../lib/gcc/arm-none-eabi/7.2.1/thumb/v7e-m/fpv4-sp/hard/libgcc.a(_aeabi_uldivmod.o)
                0x00000000080001d0                __aeabi_uldivmod
 .text          0x0000000008000200      0x2cc /Applications/Eclipse.app/Contents/Eclipse/plugins/fr.ac6.mcu.externaltools.arm-none.macos64_1.15.0.201708311556/tools/compiler/bin/../lib/gcc/arm-none-eabi/7.2.1/thumb/v7e-m/fpv4-sp/hard/libgcc.a(_udivmoddi4.o)
                0x0000000008000200                __udivmoddi4
 .text          0x00000000080004cc        0x4 /Applications/Eclipse.app/Contents/Eclipse/plugins/fr.ac6.mcu.externaltools.arm-none.macos64_1.15.0.201708311556/tools/compiler/bin/../lib/gcc/arm-none-eabi/7.2.1/thumb/v7e-m/fpv4-sp/hard/libgcc.a(_dvmd_tls.o)
                0x00000000080004cc                __aeabi_ldiv0
                0x00000000080004cc                __aeabi_idiv0
 *(.text*)
 .text.HAL_InitTick
                0x00000000080004d0       0x2c Drivers/STM32L4xx_HAL_Driver/Src/stm32l4xx_hal.o
                0x00000000080004d0                HAL_InitTick
 .text.HAL_Init
                0x00000000080004fc       0x18 Drivers/STM32L4xx_HAL_Driver/Src/stm32l4xx_hal.o
                0x00000000080004fc                HAL_Init
 .text.HAL_IncTick
                0x0000000008000514       0x10 Drivers/STM32L4xx_HAL_Driver/Src/stm32l4xx_hal.o
                0x0000000008000514                HAL_IncTick
 .text.HAL_GetTick
                0x0000000008000524        0xc Drivers/STM32L4xx_HAL_Driver/Src/stm32l4xx_hal.o
                0x0000000008000524                HAL_GetTick
 .text.HAL_Delay
                0x0000000008000530       0x1c Drivers/STM32L4xx_HAL_Driver/Src/stm32l4xx_hal.o
                0x0000000008000530                HAL_Delay
 .text.HAL_NVIC_SetPriorityGrouping
                0x000000000800054c       0x24 Drivers/STM32L4xx_HAL_Driver/Src/stm32l4xx_hal_cortex.o
                0x000000000800054c                HAL_NVIC_SetPriorityGrouping
 .text.HAL_NVIC_SetPriority
                0x0000000008000570       0x6c Drivers/STM32L4xx_HAL_Driver/Src/stm32l4xx_hal_cortex.o
                0x0000000008000570                HAL_NVIC_SetPriority
 .text.HAL_NVIC_EnableIRQ
                0x00000000080005dc       0x18 Drivers/STM32L4xx_HAL_Driver/Src/stm32l4xx_hal_cortex.o
                0x00000000080005dc                HAL_NVIC_EnableIRQ
 .text.HAL_SYSTICK_Config
                0x00000000080005f4       0x34 Drivers/STM32L4xx_HAL_Driver/Src/stm32l4xx_hal_cortex.o
                0x00000000080005f4                HAL_SYSTICK_Config
 .text.HAL_SYSTICK_CLKSourceConfig
                0x0000000008000628       0x18 Drivers/STM32L4xx_HAL_Driver/Src/stm32l4xx_hal_cortex.o
                0x0000000008000628                HAL_SYSTICK_CLKSourceConfig
 .text.HAL_SYSTICK_Callback
                0x0000000008000640        0x4 Drivers/STM32L4xx_HAL_Driver/Src/stm32l4xx_hal_cortex.o
                0x0000000008000640                HAL_SYSTICK_Callback
 .text.HAL_SYSTICK_IRQHandler
                0x0000000008000644        0x8 Drivers/STM32L4xx_HAL_Driver/Src/stm32l4xx_hal_cortex.o
                0x0000000008000644                HAL_SYSTICK_IRQHandler
 .text.HAL_DMA_Init
                0x000000000800064c       0xc8 Drivers/STM32L4xx_HAL_Driver/Src/stm32l4xx_hal_dma.o
                0x000000000800064c                HAL_DMA_Init
 .text.HAL_DMA_IRQHandler
                0x0000000008000714       0x9c Drivers/STM32L4xx_HAL_Driver/Src/stm32l4xx_hal_dma.o
                0x0000000008000714                HAL_DMA_IRQHandler
 .text.HAL_GPIO_Init
                0x00000000080007b0      0x194 Drivers/STM32L4xx_HAL_Driver/Src/stm32l4xx_hal_gpio.o
                0x00000000080007b0                HAL_GPIO_Init
 .text.HAL_PCD_Init
                0x0000000008000944      0x100 Drivers/STM32L4xx_HAL_Driver/Src/stm32l4xx_hal_pcd.o
                0x0000000008000944                HAL_PCD_Init
 .text.HAL_PCD_Start
                0x0000000008000a44       0x2c Drivers/STM32L4xx_HAL_Driver/Src/stm32l4xx_hal_pcd.o
                0x0000000008000a44                HAL_PCD_Start
 .text.HAL_PCD_SetAddress
                0x0000000008000a70       0x28 Drivers/STM32L4xx_HAL_Driver/Src/stm32l4xx_hal_pcd.o
                0x0000000008000a70                HAL_PCD_SetAddress
 .text.HAL_PCD_EP_Open
                0x0000000008000a98       0x48 Drivers/STM32L4xx_HAL_Driver/Src/stm32l4xx_hal_pcd.o
                0x0000000008000a98                HAL_PCD_EP_Open
 .text.HAL_PCD_EP_Close
                0x0000000008000ae0       0x44 Drivers/STM32L4xx_HAL_Driver/Src/stm32l4xx_hal_pcd.o
                0x0000000008000ae0                HAL_PCD_EP_Close
 .text.HAL_PCD_EP_Receive
                0x0000000008000b24       0x34 Drivers/STM32L4xx_HAL_Driver/Src/stm32l4xx_hal_pcd.o
                0x0000000008000b24                HAL_PCD_EP_Receive
 .text.HAL_PCD_EP_Transmit
                0x0000000008000b58       0x2c Drivers/STM32L4xx_HAL_Driver/Src/stm32l4xx_hal_pcd.o
                0x0000000008000b58                HAL_PCD_EP_Transmit
 .text.HAL_PCD_IRQHandler
                0x0000000008000b84      0x5d0 Drivers/STM32L4xx_HAL_Driver/Src/stm32l4xx_hal_pcd.o
                0x0000000008000b84                HAL_PCD_IRQHandler
 .text.HAL_PCD_EP_SetStall
                0x0000000008001154       0x5c Drivers/STM32L4xx_HAL_Driver/Src/stm32l4xx_hal_pcd.o
                0x0000000008001154                HAL_PCD_EP_SetStall
 .text.HAL_PCD_EP_ClrStall
                0x00000000080011b0       0x48 Drivers/STM32L4xx_HAL_Driver/Src/stm32l4xx_hal_pcd.o
                0x00000000080011b0                HAL_PCD_EP_ClrStall
 .text.HAL_PCDEx_PMAConfig
                0x00000000080011f8       0x38 Drivers/STM32L4xx_HAL_Driver/Src/stm32l4xx_hal_pcd_ex.o
                0x00000000080011f8                HAL_PCDEx_PMAConfig
 .text.HAL_PCDEx_ActivateBCD
                0x0000000008001230       0x24 Drivers/STM32L4xx_HAL_Driver/Src/stm32l4xx_hal_pcd_ex.o
                0x0000000008001230                HAL_PCDEx_ActivateBCD
 .text.HAL_PCDEx_ActivateLPM
                0x0000000008001254       0x2c Drivers/STM32L4xx_HAL_Driver/Src/stm32l4xx_hal_pcd_ex.o
                0x0000000008001254                HAL_PCDEx_ActivateLPM
 .text.HAL_PWREx_GetVoltageRange
                0x0000000008001280       0x10 Drivers/STM32L4xx_HAL_Driver/Src/stm32l4xx_hal_pwr_ex.o
                0x0000000008001280                HAL_PWREx_GetVoltageRange
 .text.HAL_PWREx_ControlVoltageScaling
                0x0000000008001290       0x70 Drivers/STM32L4xx_HAL_Driver/Src/stm32l4xx_hal_pwr_ex.o
                0x0000000008001290                HAL_PWREx_ControlVoltageScaling
 .text.HAL_PWREx_EnableVddUSB
                0x0000000008001300       0x10 Drivers/STM32L4xx_HAL_Driver/Src/stm32l4xx_hal_pwr_ex.o
                0x0000000008001300                HAL_PWREx_EnableVddUSB
 .text.RCC_SetFlashLatencyFromMSIRange
                0x0000000008001310       0x8c Drivers/STM32L4xx_HAL_Driver/Src/stm32l4xx_hal_rcc.o
 .text.HAL_RCC_GetSysClockFreq
                0x000000000800139c       0xfc Drivers/STM32L4xx_HAL_Driver/Src/stm32l4xx_hal_rcc.o
                0x000000000800139c                HAL_RCC_GetSysClockFreq
 .text.HAL_RCC_OscConfig
                0x0000000008001498      0x558 Drivers/STM32L4xx_HAL_Driver/Src/stm32l4xx_hal_rcc.o
                0x0000000008001498                HAL_RCC_OscConfig
 .text.HAL_RCC_ClockConfig
                0x00000000080019f0      0x170 Drivers/STM32L4xx_HAL_Driver/Src/stm32l4xx_hal_rcc.o
                0x00000000080019f0                HAL_RCC_ClockConfig
 .text.HAL_RCC_GetHCLKFreq
                0x0000000008001b60        0xc Drivers/STM32L4xx_HAL_Driver/Src/stm32l4xx_hal_rcc.o
                0x0000000008001b60                HAL_RCC_GetHCLKFreq
 .text.HAL_RCC_GetPCLK1Freq
                0x0000000008001b6c       0x20 Drivers/STM32L4xx_HAL_Driver/Src/stm32l4xx_hal_rcc.o
                0x0000000008001b6c                HAL_RCC_GetPCLK1Freq
 .text.HAL_RCC_GetPCLK2Freq
                0x0000000008001b8c       0x20 Drivers/STM32L4xx_HAL_Driver/Src/stm32l4xx_hal_rcc.o
                0x0000000008001b8c                HAL_RCC_GetPCLK2Freq
 .text.RCCEx_PLLSAI1_Config
                0x0000000008001bac      0x118 Drivers/STM32L4xx_HAL_Driver/Src/stm32l4xx_hal_rcc_ex.o
 .text.HAL_RCCEx_PeriphCLKConfig
                0x0000000008001cc4      0x2a4 Drivers/STM32L4xx_HAL_Driver/Src/stm32l4xx_hal_rcc_ex.o
                0x0000000008001cc4                HAL_RCCEx_PeriphCLKConfig
 .text.HAL_RCCEx_EnableMSIPLLMode
                0x0000000008001f68       0x10 Drivers/STM32L4xx_HAL_Driver/Src/stm32l4xx_hal_rcc_ex.o
                0x0000000008001f68                HAL_RCCEx_EnableMSIPLLMode
 .text.UART_SetConfig
                0x0000000008001f78      0x2b0 Drivers/STM32L4xx_HAL_Driver/Src/stm32l4xx_hal_uart.o
                0x0000000008001f78                UART_SetConfig
 .text.UART_AdvFeatureConfig
                0x0000000008002228       0xb0 Drivers/STM32L4xx_HAL_Driver/Src/stm32l4xx_hal_uart.o
                0x0000000008002228                UART_AdvFeatureConfig
 .text.UART_WaitOnFlagUntilTimeout
                0x00000000080022d8       0x64 Drivers/STM32L4xx_HAL_Driver/Src/stm32l4xx_hal_uart.o
                0x00000000080022d8                UART_WaitOnFlagUntilTimeout
 .text.UART_CheckIdleState
                0x000000000800233c       0x70 Drivers/STM32L4xx_HAL_Driver/Src/stm32l4xx_hal_uart.o
                0x000000000800233c                UART_CheckIdleState
 .text.HAL_UART_Init
                0x00000000080023ac       0x6c Drivers/STM32L4xx_HAL_Driver/Src/stm32l4xx_hal_uart.o
                0x00000000080023ac                HAL_UART_Init
 .text.USB_CoreInit
                0x0000000008002418       0x10 Drivers/STM32L4xx_HAL_Driver/Src/stm32l4xx_ll_usb.o
                0x0000000008002418                USB_CoreInit
 .text.USB_EnableGlobalInt
                0x0000000008002428       0x14 Drivers/STM32L4xx_HAL_Driver/Src/stm32l4xx_ll_usb.o
                0x0000000008002428                USB_EnableGlobalInt
 .text.USB_DisableGlobalInt
                0x000000000800243c       0x14 Drivers/STM32L4xx_HAL_Driver/Src/stm32l4xx_ll_usb.o
                0x000000000800243c                USB_DisableGlobalInt
 .text.USB_SetCurrentMode
                0x0000000008002450        0x4 Drivers/STM32L4xx_HAL_Driver/Src/stm32l4xx_ll_usb.o
                0x0000000008002450                USB_SetCurrentMode
 .text.USB_DevInit
                0x0000000008002454       0x28 Drivers/STM32L4xx_HAL_Driver/Src/stm32l4xx_ll_usb.o
                0x0000000008002454                USB_DevInit
 .text.USB_ActivateEndpoint
                0x000000000800247c      0x2d4 Drivers/STM32L4xx_HAL_Driver/Src/stm32l4xx_ll_usb.o
                0x000000000800247c                USB_ActivateEndpoint
 .text.USB_DeactivateEndpoint
                0x0000000008002750      0x178 Drivers/STM32L4xx_HAL_Driver/Src/stm32l4xx_ll_usb.o
                0x0000000008002750                USB_DeactivateEndpoint
 .text.USB_EPStartXfer
                0x00000000080028c8      0x188 Drivers/STM32L4xx_HAL_Driver/Src/stm32l4xx_ll_usb.o
                0x00000000080028c8                USB_EPStartXfer
 .text.USB_EPSetStall
                0x0000000008002a50       0x68 Drivers/STM32L4xx_HAL_Driver/Src/stm32l4xx_ll_usb.o
                0x0000000008002a50                USB_EPSetStall
 .text.USB_EPClearStall
                0x0000000008002ab8       0x94 Drivers/STM32L4xx_HAL_Driver/Src/stm32l4xx_ll_usb.o
                0x0000000008002ab8                USB_EPClearStall
 .text.USB_SetDevAddress
                0x0000000008002b4c        0xc Drivers/STM32L4xx_HAL_Driver/Src/stm32l4xx_ll_usb.o
                0x0000000008002b4c                USB_SetDevAddress
 .text.USB_DevConnect
                0x0000000008002b58       0x18 Drivers/STM32L4xx_HAL_Driver/Src/stm32l4xx_ll_usb.o
                0x0000000008002b58                USB_DevConnect
 .text.USB_DevDisconnect
                0x0000000008002b70       0x18 Drivers/STM32L4xx_HAL_Driver/Src/stm32l4xx_ll_usb.o
                0x0000000008002b70                USB_DevDisconnect
 .text.USB_ReadInterrupts
                0x0000000008002b88        0x8 Drivers/STM32L4xx_HAL_Driver/Src/stm32l4xx_ll_usb.o
                0x0000000008002b88                USB_ReadInterrupts
 .text.USB_EP0_OutStart
                0x0000000008002b90        0x4 Drivers/STM32L4xx_HAL_Driver/Src/stm32l4xx_ll_usb.o
                0x0000000008002b90                USB_EP0_OutStart
 .text.USB_WritePMA
                0x0000000008002b94       0x34 Drivers/STM32L4xx_HAL_Driver/Src/stm32l4xx_ll_usb.o
                0x0000000008002b94                USB_WritePMA
 .text.USB_ReadPMA
                0x0000000008002bc8       0x1c Drivers/STM32L4xx_HAL_Driver/Src/stm32l4xx_ll_usb.o
                0x0000000008002bc8                USB_ReadPMA
 .text.USBD_CUSTOM_HID_GetCfgDesc
                0x0000000008002be4        0xc Middlewares/ST/STM32_USB_Device_Library/Class/CustomHID/Src/usbd_customhid.o
 .text.USBD_CUSTOM_HID_DataIn
                0x0000000008002bf0        0xc Middlewares/ST/STM32_USB_Device_Library/Class/CustomHID/Src/usbd_customhid.o
 .text.USBD_CUSTOM_HID_EP0_RxReady
                0x0000000008002bfc       0x20 Middlewares/ST/STM32_USB_Device_Library/Class/CustomHID/Src/usbd_customhid.o
 .text.USBD_CUSTOM_HID_GetDeviceQualifierDesc
                0x0000000008002c1c        0xc Middlewares/ST/STM32_USB_Device_Library/Class/CustomHID/Src/usbd_customhid.o
 .text.USBD_CUSTOM_HID_DataOut
                0x0000000008002c28       0x24 Middlewares/ST/STM32_USB_Device_Library/Class/CustomHID/Src/usbd_customhid.o
 .text.USBD_CUSTOM_HID_Setup
                0x0000000008002c4c       0xd8 Middlewares/ST/STM32_USB_Device_Library/Class/CustomHID/Src/usbd_customhid.o
 .text.USBD_CUSTOM_HID_DeInit
                0x0000000008002d24       0x34 Middlewares/ST/STM32_USB_Device_Library/Class/CustomHID/Src/usbd_customhid.o
 .text.USBD_CUSTOM_HID_Init
                0x0000000008002d58       0x48 Middlewares/ST/STM32_USB_Device_Library/Class/CustomHID/Src/usbd_customhid.o
 .text.USBD_CUSTOM_HID_SendReport
                0x0000000008002da0       0x2c Middlewares/ST/STM32_USB_Device_Library/Class/CustomHID/Src/usbd_customhid.o
                0x0000000008002da0                USBD_CUSTOM_HID_SendReport
 .text.USBD_CUSTOM_HID_RegisterInterface
                0x0000000008002dcc       0x10 Middlewares/ST/STM32_USB_Device_Library/Class/CustomHID/Src/usbd_customhid.o
                0x0000000008002dcc                USBD_CUSTOM_HID_RegisterInterface
 .text.USBD_Init
                0x0000000008002ddc       0x2c Middlewares/ST/STM32_USB_Device_Library/Core/Src/usbd_core.o
                0x0000000008002ddc                USBD_Init
 .text.USBD_RegisterClass
                0x0000000008002e08       0x10 Middlewares/ST/STM32_USB_Device_Library/Core/Src/usbd_core.o
                0x0000000008002e08                USBD_RegisterClass
 .text.USBD_Start
                0x0000000008002e18        0xc Middlewares/ST/STM32_USB_Device_Library/Core/Src/usbd_core.o
                0x0000000008002e18                USBD_Start
 .text.USBD_SetClassConfig
                0x0000000008002e24       0x14 Middlewares/ST/STM32_USB_Device_Library/Core/Src/usbd_core.o
                0x0000000008002e24                USBD_SetClassConfig
 .text.USBD_ClrClassConfig
                0x0000000008002e38       0x10 Middlewares/ST/STM32_USB_Device_Library/Core/Src/usbd_core.o
                0x0000000008002e38                USBD_ClrClassConfig
 .text.USBD_LL_SetupStage
                0x0000000008002e48       0x60 Middlewares/ST/STM32_USB_Device_Library/Core/Src/usbd_core.o
                0x0000000008002e48                USBD_LL_SetupStage
 .text.USBD_LL_DataOutStage
                0x0000000008002ea8       0x6c Middlewares/ST/STM32_USB_Device_Library/Core/Src/usbd_core.o
                0x0000000008002ea8                USBD_LL_DataOutStage
 .text.USBD_LL_DataInStage
                0x0000000008002f14       0xac Middlewares/ST/STM32_USB_Device_Library/Core/Src/usbd_core.o
                0x0000000008002f14                USBD_LL_DataInStage
 .text.USBD_LL_Reset
                0x0000000008002fc0       0x40 Middlewares/ST/STM32_USB_Device_Library/Core/Src/usbd_core.o
                0x0000000008002fc0                USBD_LL_Reset
 .text.USBD_LL_SetSpeed
                0x0000000008003000        0x8 Middlewares/ST/STM32_USB_Device_Library/Core/Src/usbd_core.o
                0x0000000008003000                USBD_LL_SetSpeed
 .text.USBD_LL_Suspend
                0x0000000008003008       0x14 Middlewares/ST/STM32_USB_Device_Library/Core/Src/usbd_core.o
                0x0000000008003008                USBD_LL_Suspend
 .text.USBD_LL_Resume
                0x000000000800301c       0x10 Middlewares/ST/STM32_USB_Device_Library/Core/Src/usbd_core.o
                0x000000000800301c                USBD_LL_Resume
 .text.USBD_LL_SOF
                0x000000000800302c       0x1c Middlewares/ST/STM32_USB_Device_Library/Core/Src/usbd_core.o
                0x000000000800302c                USBD_LL_SOF
 .text.USBD_StdDevReq
                0x0000000008003048      0x2d8 Middlewares/ST/STM32_USB_Device_Library/Core/Src/usbd_ctlreq.o
                0x0000000008003048                USBD_StdDevReq
 .text.USBD_StdItfReq
                0x0000000008003320       0x40 Middlewares/ST/STM32_USB_Device_Library/Core/Src/usbd_ctlreq.o
                0x0000000008003320                USBD_StdItfReq
 .text.USBD_StdEPReq
                0x0000000008003360       0xcc Middlewares/ST/STM32_USB_Device_Library/Core/Src/usbd_ctlreq.o
                0x0000000008003360                USBD_StdEPReq
 .text.USBD_ParseSetupRequest
                0x000000000800342c       0x28 Middlewares/ST/STM32_USB_Device_Library/Core/Src/usbd_ctlreq.o
                0x000000000800342c                USBD_ParseSetupRequest
 .text.USBD_CtlError
                0x0000000008003454       0x18 Middlewares/ST/STM32_USB_Device_Library/Core/Src/usbd_ctlreq.o
                0x0000000008003454                USBD_CtlError
 .text.USBD_GetString
                0x000000000800346c       0x50 Middlewares/ST/STM32_USB_Device_Library/Core/Src/usbd_ctlreq.o
                0x000000000800346c                USBD_GetString
 .text.USBD_CtlSendData
                0x00000000080034bc       0x1c Middlewares/ST/STM32_USB_Device_Library/Core/Src/usbd_ioreq.o
                0x00000000080034bc                USBD_CtlSendData
 .text.USBD_CtlContinueSendData
                0x00000000080034d8       0x10 Middlewares/ST/STM32_USB_Device_Library/Core/Src/usbd_ioreq.o
                0x00000000080034d8                USBD_CtlContinueSendData
 .text.USBD_CtlPrepareRx
                0x00000000080034e8       0x20 Middlewares/ST/STM32_USB_Device_Library/Core/Src/usbd_ioreq.o
                0x00000000080034e8                USBD_CtlPrepareRx
 .text.USBD_CtlContinueRx
                0x0000000008003508       0x10 Middlewares/ST/STM32_USB_Device_Library/Core/Src/usbd_ioreq.o
                0x0000000008003508                USBD_CtlContinueRx
 .text.USBD_CtlSendStatus
                0x0000000008003518       0x18 Middlewares/ST/STM32_USB_Device_Library/Core/Src/usbd_ioreq.o
                0x0000000008003518                USBD_CtlSendStatus
 .text.USBD_CtlReceiveStatus
                0x0000000008003530       0x18 Middlewares/ST/STM32_USB_Device_Library/Core/Src/usbd_ioreq.o
                0x0000000008003530                USBD_CtlReceiveStatus
 .text.MX_DMA_Init
                0x0000000008003548       0x34 Src/dma.o
                0x0000000008003548                MX_DMA_Init
 .text.MX_GPIO_Init
                0x000000000800357c       0x44 Src/gpio.o
                0x000000000800357c                MX_GPIO_Init
 .text.SystemClock_Config
                0x00000000080035c0       0xc8 Src/main.o
                0x00000000080035c0                SystemClock_Config
 .text.startup.main
                0x0000000008003688       0xa0 Src/main.o
                0x0000000008003688                main
 .text._Error_Handler
                0x0000000008003728        0x4 Src/main.o
                0x0000000008003728                _Error_Handler
 .text.SBUS_GetChannelsFromBuffer
                0x000000000800372c      0x150 Src/sbus.o
 .text._constrain
                0x000000000800387c       0x10 Src/sbus.o
                0x000000000800387c                _constrain
 .text._map     0x000000000800388c       0x1c Src/sbus.o
                0x000000000800388c                _map
 .text.SBUS_Init
                0x00000000080038a8       0x24 Src/sbus.o
                0x00000000080038a8                SBUS_Init
 .text.SBUS_ParseChar
                0x00000000080038cc       0x44 Src/sbus.o
                0x00000000080038cc                SBUS_ParseChar
 .text.HAL_MspInit
                0x0000000008003910       0x90 Src/stm32l4xx_hal_msp.o
                0x0000000008003910                HAL_MspInit
 .text.SysTick_Handler
                0x00000000080039a0       0x10 Src/stm32l4xx_it.o
                0x00000000080039a0                SysTick_Handler
 .text.DMA1_Channel5_IRQHandler
                0x00000000080039b0        0xc Src/stm32l4xx_it.o
                0x00000000080039b0                DMA1_Channel5_IRQHandler
 .text.USART1_IRQHandler
                0x00000000080039bc       0x38 Src/stm32l4xx_it.o
                0x00000000080039bc                USART1_IRQHandler
 .text.USB_IRQHandler
                0x00000000080039f4        0xc Src/stm32l4xx_it.o
                0x00000000080039f4                USB_IRQHandler
 .text.SystemInit
                0x0000000008003a00       0x50 Src/system_stm32l4xx.o
                0x0000000008003a00                SystemInit
 .text.MX_USART1_UART_Init
                0x0000000008003a50       0x60 Src/usart.o
                0x0000000008003a50                MX_USART1_UART_Init
 .text.MX_USART2_UART_Init
                0x0000000008003ab0       0x48 Src/usart.o
                0x0000000008003ab0                MX_USART2_UART_Init
 .text.HAL_UART_MspInit
                0x0000000008003af8       0xf4 Src/usart.o
                0x0000000008003af8                HAL_UART_MspInit
 .text.MX_USB_DEVICE_Init
                0x0000000008003bec       0x40 Src/usb_device.o
                0x0000000008003bec                MX_USB_DEVICE_Init
 .text.HAL_PCD_MspInit
                0x0000000008003c2c       0x40 Src/usbd_conf.o
                0x0000000008003c2c                HAL_PCD_MspInit
 .text.HAL_PCD_SetupStageCallback
                0x0000000008003c6c        0xc Src/usbd_conf.o
                0x0000000008003c6c                HAL_PCD_SetupStageCallback
 .text.HAL_PCD_DataOutStageCallback
                0x0000000008003c78       0x10 Src/usbd_conf.o
                0x0000000008003c78                HAL_PCD_DataOutStageCallback
 .text.HAL_PCD_DataInStageCallback
                0x0000000008003c88       0x10 Src/usbd_conf.o
                0x0000000008003c88                HAL_PCD_DataInStageCallback
 .text.HAL_PCD_SOFCallback
                0x0000000008003c98        0x8 Src/usbd_conf.o
                0x0000000008003c98                HAL_PCD_SOFCallback
 .text.HAL_PCD_ResetCallback
                0x0000000008003ca0       0x1c Src/usbd_conf.o
                0x0000000008003ca0                HAL_PCD_ResetCallback
 .text.HAL_PCD_SuspendCallback
                0x0000000008003cbc       0x20 Src/usbd_conf.o
                0x0000000008003cbc                HAL_PCD_SuspendCallback
 .text.HAL_PCD_ResumeCallback
                0x0000000008003cdc       0x28 Src/usbd_conf.o
                0x0000000008003cdc                HAL_PCD_ResumeCallback
 .text.USBD_LL_Init
                0x0000000008003d04       0x88 Src/usbd_conf.o
                0x0000000008003d04                USBD_LL_Init
 .text.USBD_LL_Start
                0x0000000008003d8c       0x1c Src/usbd_conf.o
                0x0000000008003d8c                USBD_LL_Start
 .text.USBD_LL_OpenEP
                0x0000000008003da8       0x20 Src/usbd_conf.o
                0x0000000008003da8                USBD_LL_OpenEP
 .text.USBD_LL_CloseEP
                0x0000000008003dc8       0x1c Src/usbd_conf.o
                0x0000000008003dc8                USBD_LL_CloseEP
 .text.USBD_LL_StallEP
                0x0000000008003de4       0x1c Src/usbd_conf.o
                0x0000000008003de4                USBD_LL_StallEP
 .text.USBD_LL_ClearStallEP
                0x0000000008003e00       0x1c Src/usbd_conf.o
                0x0000000008003e00                USBD_LL_ClearStallEP
 .text.USBD_LL_IsStallEP
                0x0000000008003e1c       0x20 Src/usbd_conf.o
                0x0000000008003e1c                USBD_LL_IsStallEP
 .text.USBD_LL_SetUSBAddress
                0x0000000008003e3c       0x1c Src/usbd_conf.o
                0x0000000008003e3c                USBD_LL_SetUSBAddress
 .text.USBD_LL_Transmit
                0x0000000008003e58       0x1c Src/usbd_conf.o
                0x0000000008003e58                USBD_LL_Transmit
 .text.USBD_LL_PrepareReceive
                0x0000000008003e74       0x1c Src/usbd_conf.o
                0x0000000008003e74                USBD_LL_PrepareReceive
 .text.HAL_PCDEx_LPM_Callback
                0x0000000008003e90       0x44 Src/usbd_conf.o
                0x0000000008003e90                HAL_PCDEx_LPM_Callback
 .text.USBD_static_malloc
                0x0000000008003ed4        0x8 Src/usbd_conf.o
                0x0000000008003ed4                USBD_static_malloc
 .text.USBD_static_free
                0x0000000008003edc        0x4 Src/usbd_conf.o
                0x0000000008003edc                USBD_static_free
 .text.USBD_LL_BatteryCharging
                0x0000000008003ee0       0x10 Src/usbd_conf.o
                0x0000000008003ee0                USBD_LL_BatteryCharging
 .text.CUSTOM_HID_Init_FS
                0x0000000008003ef0        0x4 Src/usbd_custom_hid_if.o
 .text.CUSTOM_HID_OutEvent_FS
                0x0000000008003ef4        0x4 Src/usbd_custom_hid_if.o
 .text.CUSTOM_HID_DeInit_FS
                0x0000000008003ef8        0x4 Src/usbd_custom_hid_if.o
 .text.USBD_FS_DeviceDescriptor
                0x0000000008003efc        0xc Src/usbd_desc.o
                0x0000000008003efc                USBD_FS_DeviceDescriptor
 .text.USBD_FS_LangIDStrDescriptor
                0x0000000008003f08        0xc Src/usbd_desc.o
                0x0000000008003f08                USBD_FS_LangIDStrDescriptor
 .text.USBD_FS_USR_BOSDescriptor
                0x0000000008003f14        0xc Src/usbd_desc.o
                0x0000000008003f14                USBD_FS_USR_BOSDescriptor
 .text.USBD_FS_ManufacturerStrDescriptor
                0x0000000008003f20       0x1c Src/usbd_desc.o
                0x0000000008003f20                USBD_FS_ManufacturerStrDescriptor
 .text.USBD_FS_ProductStrDescriptor
                0x0000000008003f3c       0x1c Src/usbd_desc.o
                0x0000000008003f3c                USBD_FS_ProductStrDescriptor
 .text.USBD_FS_SerialStrDescriptor
                0x0000000008003f58       0x1c Src/usbd_desc.o
                0x0000000008003f58                USBD_FS_SerialStrDescriptor
 .text.USBD_FS_ConfigStrDescriptor
                0x0000000008003f74       0x1c Src/usbd_desc.o
                0x0000000008003f74                USBD_FS_ConfigStrDescriptor
 .text.USBD_FS_InterfaceStrDescriptor
                0x0000000008003f90       0x1c Src/usbd_desc.o
                0x0000000008003f90                USBD_FS_InterfaceStrDescriptor
 .text.Reset_Handler
                0x0000000008003fac       0x50 startup/startup_stm32l432xx.o
                0x0000000008003fac                Reset_Handler
 .text.Default_Handler
                0x0000000008003ffc        0x2 startup/startup_stm32l432xx.o
                0x0000000008003ffc                TIM1_BRK_TIM15_IRQHandler
                0x0000000008003ffc                EXTI2_IRQHandler
                0x0000000008003ffc                DebugMon_Handler
                0x0000000008003ffc                TIM1_CC_IRQHandler
                0x0000000008003ffc                TSC_IRQHandler
                0x0000000008003ffc                HardFault_Handler
                0x0000000008003ffc                TAMP_STAMP_IRQHandler
                0x0000000008003ffc                PendSV_Handler
                0x0000000008003ffc                NMI_Handler
                0x0000000008003ffc                EXTI3_IRQHandler
                0x0000000008003ffc                LPTIM2_IRQHandler
                0x0000000008003ffc                I2C3_ER_IRQHandler
                0x0000000008003ffc                EXTI0_IRQHandler
                0x0000000008003ffc                CAN1_RX0_IRQHandler
                0x0000000008003ffc                FPU_IRQHandler
                0x0000000008003ffc                TIM1_UP_TIM16_IRQHandler
                0x0000000008003ffc                UsageFault_Handler
                0x0000000008003ffc                SPI1_IRQHandler
                0x0000000008003ffc                TIM6_DAC_IRQHandler
                0x0000000008003ffc                DMA2_Channel2_IRQHandler
                0x0000000008003ffc                DMA1_Channel4_IRQHandler
                0x0000000008003ffc                ADC1_IRQHandler
                0x0000000008003ffc                DMA1_Channel7_IRQHandler
                0x0000000008003ffc                CAN1_RX1_IRQHandler
                0x0000000008003ffc                DMA2_Channel1_IRQHandler
                0x0000000008003ffc                QUADSPI_IRQHandler
                0x0000000008003ffc                I2C1_EV_IRQHandler
                0x0000000008003ffc                DMA1_Channel6_IRQHandler
                0x0000000008003ffc                DMA2_Channel4_IRQHandler
                0x0000000008003ffc                RCC_IRQHandler
                0x0000000008003ffc                TIM1_TRG_COM_IRQHandler
                0x0000000008003ffc                DMA1_Channel1_IRQHandler
                0x0000000008003ffc                Default_Handler
                0x0000000008003ffc                DMA2_Channel7_IRQHandler
                0x0000000008003ffc                EXTI15_10_IRQHandler
                0x0000000008003ffc                TIM7_IRQHandler
                0x0000000008003ffc                I2C3_EV_IRQHandler
                0x0000000008003ffc                EXTI9_5_IRQHandler
                0x0000000008003ffc                RTC_WKUP_IRQHandler
                0x0000000008003ffc                PVD_PVM_IRQHandler
                0x0000000008003ffc                MemManage_Handler
                0x0000000008003ffc                CAN1_TX_IRQHandler
                0x0000000008003ffc                SVC_Handler
                0x0000000008003ffc                DMA2_Channel5_IRQHandler
                0x0000000008003ffc                CRS_IRQHandler
                0x0000000008003ffc                EXTI4_IRQHandler
                0x0000000008003ffc                RNG_IRQHandler
                0x0000000008003ffc                DMA1_Channel3_IRQHandler
                0x0000000008003ffc                COMP_IRQHandler
                0x0000000008003ffc                WWDG_IRQHandler
                0x0000000008003ffc                LPUART1_IRQHandler
                0x0000000008003ffc                DMA2_Channel6_IRQHandler
                0x0000000008003ffc                TIM2_IRQHandler
                0x0000000008003ffc                EXTI1_IRQHandler
                0x0000000008003ffc                USART2_IRQHandler
                0x0000000008003ffc                DMA1_Channel2_IRQHandler
                0x0000000008003ffc                CAN1_SCE_IRQHandler
                0x0000000008003ffc                FLASH_IRQHandler
                0x0000000008003ffc                BusFault_Handler
                0x0000000008003ffc                SPI3_IRQHandler
                0x0000000008003ffc                I2C1_ER_IRQHandler
                0x0000000008003ffc                SWPMI1_IRQHandler
                0x0000000008003ffc                LPTIM1_IRQHandler
                0x0000000008003ffc                SAI1_IRQHandler
                0x0000000008003ffc                DMA2_Channel3_IRQHandler
                0x0000000008003ffc                RTC_Alarm_IRQHandler
 *fill*         0x0000000008003ffe        0x2 
 .text.__libc_init_array
                0x0000000008004000       0x48 /Applications/Eclipse.app/Contents/Eclipse/plugins/fr.ac6.mcu.externaltools.arm-none.macos64_1.15.0.201708311556/tools/compiler/bin/../lib/gcc/arm-none-eabi/7.2.1/../../../../arm-none-eabi/lib/thumb/v7e-m/fpv4-sp/hard/libc_nano.a(lib_a-init.o)
                0x0000000008004000                __libc_init_array
 *(.glue_7)
 .glue_7        0x0000000008004048        0x0 linker stubs
 *(.glue_7t)
 .glue_7t       0x0000000008004048        0x0 linker stubs
 *(.eh_frame)
 .eh_frame      0x0000000008004048        0x0 /Applications/Eclipse.app/Contents/Eclipse/plugins/fr.ac6.mcu.externaltools.arm-none.macos64_1.15.0.201708311556/tools/compiler/bin/../lib/gcc/arm-none-eabi/7.2.1/thumb/v7e-m/fpv4-sp/hard/crtbegin.o
 *(.init)
 .init          0x0000000008004048        0x4 /Applications/Eclipse.app/Contents/Eclipse/plugins/fr.ac6.mcu.externaltools.arm-none.macos64_1.15.0.201708311556/tools/compiler/bin/../lib/gcc/arm-none-eabi/7.2.1/thumb/v7e-m/fpv4-sp/hard/crti.o
                0x0000000008004048                _init
 .init          0x000000000800404c        0x8 /Applications/Eclipse.app/Contents/Eclipse/plugins/fr.ac6.mcu.externaltools.arm-none.macos64_1.15.0.201708311556/tools/compiler/bin/../lib/gcc/arm-none-eabi/7.2.1/thumb/v7e-m/fpv4-sp/hard/crtn.o
 *(.fini)
 .fini          0x0000000008004054        0x4 /Applications/Eclipse.app/Contents/Eclipse/plugins/fr.ac6.mcu.externaltools.arm-none.macos64_1.15.0.201708311556/tools/compiler/bin/../lib/gcc/arm-none-eabi/7.2.1/thumb/v7e-m/fpv4-sp/hard/crti.o
                0x0000000008004054                _fini
 .fini          0x0000000008004058        0x8 /Applications/Eclipse.app/Contents/Eclipse/plugins/fr.ac6.mcu.externaltools.arm-none.macos64_1.15.0.201708311556/tools/compiler/bin/../lib/gcc/arm-none-eabi/7.2.1/thumb/v7e-m/fpv4-sp/hard/crtn.o
                0x0000000008004060                . = ALIGN (0x8)
                0x0000000008004060                _etext = .

.vfp11_veneer   0x0000000008004060        0x0
 .vfp11_veneer  0x0000000008004060        0x0 linker stubs

.v4_bx          0x0000000008004060        0x0
 .v4_bx         0x0000000008004060        0x0 linker stubs

.iplt           0x0000000008004060        0x0
 .iplt          0x0000000008004060        0x0 /Applications/Eclipse.app/Contents/Eclipse/plugins/fr.ac6.mcu.externaltools.arm-none.macos64_1.15.0.201708311556/tools/compiler/bin/../lib/gcc/arm-none-eabi/7.2.1/thumb/v7e-m/fpv4-sp/hard/crtbegin.o

.rodata         0x0000000008004060       0xf8
                0x0000000008004060                . = ALIGN (0x8)
 *(.rodata)
 .rodata        0x0000000008004060       0x14 Drivers/STM32L4xx_HAL_Driver/Src/stm32l4xx_hal_uart.o
 .rodata        0x0000000008004074       0x48 Src/system_stm32l4xx.o
                0x0000000008004074                MSIRangeTable
                0x00000000080040a4                AHBPrescTable
                0x00000000080040b4                APBPrescTable
 .rodata        0x00000000080040bc        0x4 Src/usbd_conf.o
 *(.rodata*)
 .rodata.str1.4
                0x00000000080040c0        0xf Src/usart.o
 *fill*         0x00000000080040cf        0x1 
 .rodata.str1.4
                0x00000000080040d0       0x13 Src/usbd_conf.o
 *fill*         0x00000000080040e3        0x1 
 .rodata.str1.4
                0x00000000080040e4       0x70 Src/usbd_desc.o
                                         0x6d (size before relaxing)
                0x0000000008004158                . = ALIGN (0x8)
 *fill*         0x0000000008004154        0x4 

.ARM.extab      0x0000000008004158        0x0
                0x0000000008004158                . = ALIGN (0x8)
 *(.ARM.extab* .gnu.linkonce.armextab.*)
                0x0000000008004158                . = ALIGN (0x8)

.ARM            0x0000000008004158        0x8
                0x0000000008004158                . = ALIGN (0x8)
                0x0000000008004158                __exidx_start = .
 *(.ARM.exidx*)
 .ARM.exidx     0x0000000008004158        0x8 /Applications/Eclipse.app/Contents/Eclipse/plugins/fr.ac6.mcu.externaltools.arm-none.macos64_1.15.0.201708311556/tools/compiler/bin/../lib/gcc/arm-none-eabi/7.2.1/thumb/v7e-m/fpv4-sp/hard/libgcc.a(_udivmoddi4.o)
                0x0000000008004160                __exidx_end = .
                0x0000000008004160                . = ALIGN (0x8)

.rel.dyn        0x0000000008004160        0x0
 .rel.iplt      0x0000000008004160        0x0 /Applications/Eclipse.app/Contents/Eclipse/plugins/fr.ac6.mcu.externaltools.arm-none.macos64_1.15.0.201708311556/tools/compiler/bin/../lib/gcc/arm-none-eabi/7.2.1/thumb/v7e-m/fpv4-sp/hard/crtbegin.o

.preinit_array  0x0000000008004160        0x0
                0x0000000008004160                . = ALIGN (0x8)
                0x0000000008004160                PROVIDE (__preinit_array_start, .)
 *(.preinit_array*)
                0x0000000008004160                PROVIDE (__preinit_array_end, .)
                0x0000000008004160                . = ALIGN (0x8)

.init_array     0x0000000008004160        0x8
                0x0000000008004160                . = ALIGN (0x8)
                0x0000000008004160                PROVIDE (__init_array_start, .)
 *(SORT_BY_NAME(.init_array.*))
 *(.init_array*)
 .init_array    0x0000000008004160        0x4 /Applications/Eclipse.app/Contents/Eclipse/plugins/fr.ac6.mcu.externaltools.arm-none.macos64_1.15.0.201708311556/tools/compiler/bin/../lib/gcc/arm-none-eabi/7.2.1/thumb/v7e-m/fpv4-sp/hard/crtbegin.o
                0x0000000008004164                PROVIDE (__init_array_end, .)
                0x0000000008004168                . = ALIGN (0x8)
 *fill*         0x0000000008004164        0x4 

.fini_array     0x0000000008004168        0x8
                0x0000000008004168                . = ALIGN (0x8)
                [!provide]                        PROVIDE (__fini_array_start, .)
 *(SORT_BY_NAME(.fini_array.*))
 *(.fini_array*)
 .fini_array    0x0000000008004168        0x4 /Applications/Eclipse.app/Contents/Eclipse/plugins/fr.ac6.mcu.externaltools.arm-none.macos64_1.15.0.201708311556/tools/compiler/bin/../lib/gcc/arm-none-eabi/7.2.1/thumb/v7e-m/fpv4-sp/hard/crtbegin.o
                [!provide]                        PROVIDE (__fini_array_end, .)
                0x0000000008004170                . = ALIGN (0x8)
 *fill*         0x000000000800416c        0x4 
                0x0000000008004170                _sidata = LOADADDR (.data)

.data           0x0000000020000000      0x100 load address 0x0000000008004170
                0x0000000020000000                . = ALIGN (0x8)
                0x0000000020000000                _sdata = .
 *(.data)
 .data          0x0000000020000000       0x80 Middlewares/ST/STM32_USB_Device_Library/Class/CustomHID/Src/usbd_customhid.o
                0x0000000020000044                USBD_CUSTOM_HID
 .data          0x0000000020000080        0x4 Src/system_stm32l4xx.o
                0x0000000020000080                SystemCoreClock
 .data          0x0000000020000084       0x36 Src/usbd_custom_hid_if.o
                0x0000000020000084                USBD_CustomHID_fops_FS
 *fill*         0x00000000200000ba        0x2 
 .data          0x00000000200000bc       0x44 Src/usbd_desc.o
                0x00000000200000bc                USBD_FS_DeviceDesc
                0x00000000200000d0                USBD_LangIDDesc
                0x00000000200000d4                USBD_FS_BOSDesc
                0x00000000200000e0                FS_Desc
 *(.data*)
                0x0000000020000100                . = ALIGN (0x8)
                0x0000000020000100                _edata = .

.igot.plt       0x0000000020000100        0x0 load address 0x0000000008004270
 .igot.plt      0x0000000020000100        0x0 /Applications/Eclipse.app/Contents/Eclipse/plugins/fr.ac6.mcu.externaltools.arm-none.macos64_1.15.0.201708311556/tools/compiler/bin/../lib/gcc/arm-none-eabi/7.2.1/thumb/v7e-m/fpv4-sp/hard/crtbegin.o
                0x0000000020000100                . = ALIGN (0x4)

.bss            0x0000000020000100      0xa34 load address 0x0000000008004270
                0x0000000020000100                _sbss = .
                0x0000000020000100                __bss_start__ = _sbss
 *(.bss)
 .bss           0x0000000020000100       0x1c /Applications/Eclipse.app/Contents/Eclipse/plugins/fr.ac6.mcu.externaltools.arm-none.macos64_1.15.0.201708311556/tools/compiler/bin/../lib/gcc/arm-none-eabi/7.2.1/thumb/v7e-m/fpv4-sp/hard/crtbegin.o
 .bss           0x000000002000011c        0x1 Middlewares/ST/STM32_USB_Device_Library/Core/Src/usbd_ctlreq.o
 *fill*         0x000000002000011d        0x3 
 .bss           0x0000000020000120       0x20 Src/usbd_conf.o
 *(.bss*)
 *(COMMON)
 COMMON         0x0000000020000140        0x4 Drivers/STM32L4xx_HAL_Driver/Src/stm32l4xx_hal.o
                0x0000000020000140                uwTick
 COMMON         0x0000000020000144       0x60 Src/main.o
                0x0000000020000144                sbus
 COMMON         0x00000000200001a4      0x138 Src/usart.o
                0x00000000200001a4                hdma_usart1_rx
                0x00000000200001ec                huart1
                0x0000000020000264                huart2
 COMMON         0x00000000200002dc      0x224 Src/usb_device.o
                0x00000000200002dc                hUsbDeviceFS
 COMMON         0x0000000020000500      0x434 Src/usbd_conf.o
                0x0000000020000500                hpcd_USB_FS
 COMMON         0x0000000020000934      0x200 Src/usbd_desc.o
                0x0000000020000934                USBD_StrDesc
                0x0000000020000b34                . = ALIGN (0x4)
                0x0000000020000b34                _ebss = .
                0x0000000020000b34                __bss_end__ = _ebss

._user_heap_stack
                0x0000000020000b34      0x604 load address 0x0000000008004270
                0x0000000020000b38                . = ALIGN (0x8)
 *fill*         0x0000000020000b34        0x4 
                0x0000000020000b38                PROVIDE (end, .)
                [!provide]                        PROVIDE (_end, .)
                0x0000000020000d38                . = (. + _Min_Heap_Size)
 *fill*         0x0000000020000b38      0x200 
                0x0000000020001138                . = (. + _Min_Stack_Size)
 *fill*         0x0000000020000d38      0x400 
                0x0000000020001138                . = ALIGN (0x8)

/DISCARD/
 libc.a(*)
 libm.a(*)
 libgcc.a(*)

.ARM.attributes
                0x0000000000000000       0x30
 *(.ARM.attributes)
 .ARM.attributes
                0x0000000000000000       0x22 /Applications/Eclipse.app/Contents/Eclipse/plugins/fr.ac6.mcu.externaltools.arm-none.macos64_1.15.0.201708311556/tools/compiler/bin/../lib/gcc/arm-none-eabi/7.2.1/thumb/v7e-m/fpv4-sp/hard/crti.o
 .ARM.attributes
                0x0000000000000022       0x34 /Applications/Eclipse.app/Contents/Eclipse/plugins/fr.ac6.mcu.externaltools.arm-none.macos64_1.15.0.201708311556/tools/compiler/bin/../lib/gcc/arm-none-eabi/7.2.1/thumb/v7e-m/fpv4-sp/hard/crtbegin.o
 .ARM.attributes
                0x0000000000000056       0x39 Drivers/STM32L4xx_HAL_Driver/Src/stm32l4xx_hal.o
 .ARM.attributes
                0x000000000000008f       0x39 Drivers/STM32L4xx_HAL_Driver/Src/stm32l4xx_hal_cortex.o
 .ARM.attributes
                0x00000000000000c8       0x39 Drivers/STM32L4xx_HAL_Driver/Src/stm32l4xx_hal_dma.o
 .ARM.attributes
                0x0000000000000101       0x39 Drivers/STM32L4xx_HAL_Driver/Src/stm32l4xx_hal_gpio.o
 .ARM.attributes
                0x000000000000013a       0x39 Drivers/STM32L4xx_HAL_Driver/Src/stm32l4xx_hal_pcd.o
 .ARM.attributes
                0x0000000000000173       0x39 Drivers/STM32L4xx_HAL_Driver/Src/stm32l4xx_hal_pcd_ex.o
 .ARM.attributes
                0x00000000000001ac       0x39 Drivers/STM32L4xx_HAL_Driver/Src/stm32l4xx_hal_pwr_ex.o
 .ARM.attributes
                0x00000000000001e5       0x39 Drivers/STM32L4xx_HAL_Driver/Src/stm32l4xx_hal_rcc.o
 .ARM.attributes
                0x000000000000021e       0x39 Drivers/STM32L4xx_HAL_Driver/Src/stm32l4xx_hal_rcc_ex.o
 .ARM.attributes
                0x0000000000000257       0x39 Drivers/STM32L4xx_HAL_Driver/Src/stm32l4xx_hal_uart.o
 .ARM.attributes
                0x0000000000000290       0x39 Drivers/STM32L4xx_HAL_Driver/Src/stm32l4xx_ll_usb.o
 .ARM.attributes
                0x00000000000002c9       0x39 Middlewares/ST/STM32_USB_Device_Library/Class/CustomHID/Src/usbd_customhid.o
 .ARM.attributes
                0x0000000000000302       0x39 Middlewares/ST/STM32_USB_Device_Library/Core/Src/usbd_core.o
 .ARM.attributes
                0x000000000000033b       0x39 Middlewares/ST/STM32_USB_Device_Library/Core/Src/usbd_ctlreq.o
 .ARM.attributes
                0x0000000000000374       0x39 Middlewares/ST/STM32_USB_Device_Library/Core/Src/usbd_ioreq.o
 .ARM.attributes
                0x00000000000003ad       0x39 Src/dma.o
 .ARM.attributes
                0x00000000000003e6       0x39 Src/gpio.o
 .ARM.attributes
                0x000000000000041f       0x39 Src/main.o
 .ARM.attributes
                0x0000000000000458       0x39 Src/sbus.o
 .ARM.attributes
                0x0000000000000491       0x39 Src/stm32l4xx_hal_msp.o
 .ARM.attributes
                0x00000000000004ca       0x39 Src/stm32l4xx_it.o
 .ARM.attributes
                0x0000000000000503       0x39 Src/system_stm32l4xx.o
 .ARM.attributes
                0x000000000000053c       0x39 Src/usart.o
 .ARM.attributes
                0x0000000000000575       0x39 Src/usb_device.o
 .ARM.attributes
                0x00000000000005ae       0x39 Src/usbd_conf.o
 .ARM.attributes
                0x00000000000005e7       0x39 Src/usbd_custom_hid_if.o
 .ARM.attributes
                0x0000000000000620       0x39 Src/usbd_desc.o
 .ARM.attributes
                0x0000000000000659       0x21 startup/startup_stm32l432xx.o
 .ARM.attributes
                0x000000000000067a       0x22 /Applications/Eclipse.app/Contents/Eclipse/plugins/fr.ac6.mcu.externaltools.arm-none.macos64_1.15.0.201708311556/tools/compiler/bin/../lib/gcc/arm-none-eabi/7.2.1/thumb/v7e-m/fpv4-sp/hard/libgcc.a(_aeabi_uldivmod.o)
 .ARM.attributes
                0x000000000000069c       0x34 /Applications/Eclipse.app/Contents/Eclipse/plugins/fr.ac6.mcu.externaltools.arm-none.macos64_1.15.0.201708311556/tools/compiler/bin/../lib/gcc/arm-none-eabi/7.2.1/thumb/v7e-m/fpv4-sp/hard/libgcc.a(_udivmoddi4.o)
 .ARM.attributes
                0x00000000000006d0       0x22 /Applications/Eclipse.app/Contents/Eclipse/plugins/fr.ac6.mcu.externaltools.arm-none.macos64_1.15.0.201708311556/tools/compiler/bin/../lib/gcc/arm-none-eabi/7.2.1/thumb/v7e-m/fpv4-sp/hard/libgcc.a(_dvmd_tls.o)
 .ARM.attributes
                0x00000000000006f2       0x34 /Applications/Eclipse.app/Contents/Eclipse/plugins/fr.ac6.mcu.externaltools.arm-none.macos64_1.15.0.201708311556/tools/compiler/bin/../lib/gcc/arm-none-eabi/7.2.1/../../../../arm-none-eabi/lib/thumb/v7e-m/fpv4-sp/hard/libc_nano.a(lib_a-init.o)
 .ARM.attributes
                0x0000000000000726       0x22 /Applications/Eclipse.app/Contents/Eclipse/plugins/fr.ac6.mcu.externaltools.arm-none.macos64_1.15.0.201708311556/tools/compiler/bin/../lib/gcc/arm-none-eabi/7.2.1/thumb/v7e-m/fpv4-sp/hard/crtn.o
OUTPUT(sbusToHid.elf elf32-littlearm)

.debug_info     0x0000000000000000    0x22b41
 .debug_info    0x0000000000000000     0x1193 Drivers/STM32L4xx_HAL_Driver/Src/stm32l4xx_hal.o
 .debug_info    0x0000000000001193     0x1704 Drivers/STM32L4xx_HAL_Driver/Src/stm32l4xx_hal_cortex.o
 .debug_info    0x0000000000002897     0x107c Drivers/STM32L4xx_HAL_Driver/Src/stm32l4xx_hal_dma.o
 .debug_info    0x0000000000003913     0x1093 Drivers/STM32L4xx_HAL_Driver/Src/stm32l4xx_hal_gpio.o
 .debug_info    0x00000000000049a6     0x1bb1 Drivers/STM32L4xx_HAL_Driver/Src/stm32l4xx_hal_pcd.o
 .debug_info    0x0000000000006557     0x11d1 Drivers/STM32L4xx_HAL_Driver/Src/stm32l4xx_hal_pcd_ex.o
 .debug_info    0x0000000000007728     0x1222 Drivers/STM32L4xx_HAL_Driver/Src/stm32l4xx_hal_pwr_ex.o
 .debug_info    0x000000000000894a     0x15cd Drivers/STM32L4xx_HAL_Driver/Src/stm32l4xx_hal_rcc.o
 .debug_info    0x0000000000009f17     0x1809 Drivers/STM32L4xx_HAL_Driver/Src/stm32l4xx_hal_rcc_ex.o
 .debug_info    0x000000000000b720     0x253c Drivers/STM32L4xx_HAL_Driver/Src/stm32l4xx_hal_uart.o
 .debug_info    0x000000000000dc5c     0x17e6 Drivers/STM32L4xx_HAL_Driver/Src/stm32l4xx_ll_usb.o
 .debug_info    0x000000000000f442     0x13c0 Middlewares/ST/STM32_USB_Device_Library/Class/CustomHID/Src/usbd_customhid.o
 .debug_info    0x0000000000010802     0x14f0 Middlewares/ST/STM32_USB_Device_Library/Core/Src/usbd_core.o
 .debug_info    0x0000000000011cf2     0x168b Middlewares/ST/STM32_USB_Device_Library/Core/Src/usbd_ctlreq.o
 .debug_info    0x000000000001337d     0x1030 Middlewares/ST/STM32_USB_Device_Library/Core/Src/usbd_ioreq.o
 .debug_info    0x00000000000143ad      0xd94 Src/dma.o
 .debug_info    0x0000000000015141      0xbd4 Src/gpio.o
 .debug_info    0x0000000000015d15     0x1e3d Src/main.o
 .debug_info    0x0000000000017b52     0x11fd Src/sbus.o
 .debug_info    0x0000000000018d4f      0xe61 Src/stm32l4xx_hal_msp.o
 .debug_info    0x0000000000019bb0     0x1543 Src/stm32l4xx_it.o
 .debug_info    0x000000000001b0f3      0xdf0 Src/system_stm32l4xx.o
 .debug_info    0x000000000001bee3     0x168b Src/usart.o
 .debug_info    0x000000000001d56e     0x1487 Src/usb_device.o
 .debug_info    0x000000000001e9f5     0x243a Src/usbd_conf.o
 .debug_info    0x0000000000020e2f      0xec2 Src/usbd_custom_hid_if.o
 .debug_info    0x0000000000021cf1      0xe2e Src/usbd_desc.o
 .debug_info    0x0000000000022b1f       0x22 startup/startup_stm32l432xx.o

.debug_abbrev   0x0000000000000000     0x4e14
 .debug_abbrev  0x0000000000000000      0x2fd Drivers/STM32L4xx_HAL_Driver/Src/stm32l4xx_hal.o
 .debug_abbrev  0x00000000000002fd      0x3b2 Drivers/STM32L4xx_HAL_Driver/Src/stm32l4xx_hal_cortex.o
 .debug_abbrev  0x00000000000006af      0x2f1 Drivers/STM32L4xx_HAL_Driver/Src/stm32l4xx_hal_dma.o
 .debug_abbrev  0x00000000000009a0      0x2b4 Drivers/STM32L4xx_HAL_Driver/Src/stm32l4xx_hal_gpio.o
 .debug_abbrev  0x0000000000000c54      0x402 Drivers/STM32L4xx_HAL_Driver/Src/stm32l4xx_hal_pcd.o
 .debug_abbrev  0x0000000000001056      0x2da Drivers/STM32L4xx_HAL_Driver/Src/stm32l4xx_hal_pcd_ex.o
 .debug_abbrev  0x0000000000001330      0x304 Drivers/STM32L4xx_HAL_Driver/Src/stm32l4xx_hal_pwr_ex.o
 .debug_abbrev  0x0000000000001634      0x304 Drivers/STM32L4xx_HAL_Driver/Src/stm32l4xx_hal_rcc.o
 .debug_abbrev  0x0000000000001938      0x359 Drivers/STM32L4xx_HAL_Driver/Src/stm32l4xx_hal_rcc_ex.o
 .debug_abbrev  0x0000000000001c91      0x423 Drivers/STM32L4xx_HAL_Driver/Src/stm32l4xx_hal_uart.o
 .debug_abbrev  0x00000000000020b4      0x36d Drivers/STM32L4xx_HAL_Driver/Src/stm32l4xx_ll_usb.o
 .debug_abbrev  0x0000000000002421      0x30c Middlewares/ST/STM32_USB_Device_Library/Class/CustomHID/Src/usbd_customhid.o
 .debug_abbrev  0x000000000000272d      0x327 Middlewares/ST/STM32_USB_Device_Library/Core/Src/usbd_core.o
 .debug_abbrev  0x0000000000002a54      0x3e7 Middlewares/ST/STM32_USB_Device_Library/Core/Src/usbd_ctlreq.o
 .debug_abbrev  0x0000000000002e3b      0x215 Middlewares/ST/STM32_USB_Device_Library/Core/Src/usbd_ioreq.o
 .debug_abbrev  0x0000000000003050      0x235 Src/dma.o
 .debug_abbrev  0x0000000000003285      0x1ec Src/gpio.o
 .debug_abbrev  0x0000000000003471      0x2ce Src/main.o
 .debug_abbrev  0x000000000000373f      0x2d2 Src/sbus.o
 .debug_abbrev  0x0000000000003a11      0x235 Src/stm32l4xx_hal_msp.o
 .debug_abbrev  0x0000000000003c46      0x23c Src/stm32l4xx_it.o
 .debug_abbrev  0x0000000000003e82      0x228 Src/system_stm32l4xx.o
 .debug_abbrev  0x00000000000040aa      0x299 Src/usart.o
 .debug_abbrev  0x0000000000004343      0x282 Src/usb_device.o
 .debug_abbrev  0x00000000000045c5      0x356 Src/usbd_conf.o
 .debug_abbrev  0x000000000000491b      0x243 Src/usbd_custom_hid_if.o
 .debug_abbrev  0x0000000000004b5e      0x2a4 Src/usbd_desc.o
 .debug_abbrev  0x0000000000004e02       0x12 startup/startup_stm32l432xx.o

.debug_loc      0x0000000000000000     0x87ff
 .debug_loc     0x0000000000000000       0x76 Drivers/STM32L4xx_HAL_Driver/Src/stm32l4xx_hal.o
 .debug_loc     0x0000000000000076      0x5c9 Drivers/STM32L4xx_HAL_Driver/Src/stm32l4xx_hal_cortex.o
 .debug_loc     0x000000000000063f      0x6e2 Drivers/STM32L4xx_HAL_Driver/Src/stm32l4xx_hal_dma.o
 .debug_loc     0x0000000000000d21      0x3bf Drivers/STM32L4xx_HAL_Driver/Src/stm32l4xx_hal_gpio.o
 .debug_loc     0x00000000000010e0      0xbb1 Drivers/STM32L4xx_HAL_Driver/Src/stm32l4xx_hal_pcd.o
 .debug_loc     0x0000000000001c91      0x1dd Drivers/STM32L4xx_HAL_Driver/Src/stm32l4xx_hal_pcd_ex.o
 .debug_loc     0x0000000000001e6e      0x518 Drivers/STM32L4xx_HAL_Driver/Src/stm32l4xx_hal_pwr_ex.o
 .debug_loc     0x0000000000002386      0x722 Drivers/STM32L4xx_HAL_Driver/Src/stm32l4xx_hal_rcc.o
 .debug_loc     0x0000000000002aa8      0xbff Drivers/STM32L4xx_HAL_Driver/Src/stm32l4xx_hal_rcc_ex.o
 .debug_loc     0x00000000000036a7     0x17e1 Drivers/STM32L4xx_HAL_Driver/Src/stm32l4xx_hal_uart.o
 .debug_loc     0x0000000000004e88      0xe21 Drivers/STM32L4xx_HAL_Driver/Src/stm32l4xx_ll_usb.o
 .debug_loc     0x0000000000005ca9      0x527 Middlewares/ST/STM32_USB_Device_Library/Class/CustomHID/Src/usbd_customhid.o
 .debug_loc     0x00000000000061d0      0x6c3 Middlewares/ST/STM32_USB_Device_Library/Core/Src/usbd_core.o
 .debug_loc     0x0000000000006893      0xba1 Middlewares/ST/STM32_USB_Device_Library/Core/Src/usbd_ctlreq.o
 .debug_loc     0x0000000000007434      0x23c Middlewares/ST/STM32_USB_Device_Library/Core/Src/usbd_ioreq.o
 .debug_loc     0x0000000000007670       0x3a Src/main.o
 .debug_loc     0x00000000000076aa      0x19c Src/sbus.o
 .debug_loc     0x0000000000007846       0x13 Src/stm32l4xx_it.o
 .debug_loc     0x0000000000007859      0x1c0 Src/system_stm32l4xx.o
 .debug_loc     0x0000000000007a19       0x7c Src/usart.o
 .debug_loc     0x0000000000007a95       0x4d Src/usb_device.o
 .debug_loc     0x0000000000007ae2      0xa68 Src/usbd_conf.o
 .debug_loc     0x000000000000854a       0x21 Src/usbd_custom_hid_if.o
 .debug_loc     0x000000000000856b      0x294 Src/usbd_desc.o

.debug_aranges  0x0000000000000000      0xd58
 .debug_aranges
                0x0000000000000000       0xe8 Drivers/STM32L4xx_HAL_Driver/Src/stm32l4xx_hal.o
 .debug_aranges
                0x00000000000000e8       0xa8 Drivers/STM32L4xx_HAL_Driver/Src/stm32l4xx_hal_cortex.o
 .debug_aranges
                0x0000000000000190       0x78 Drivers/STM32L4xx_HAL_Driver/Src/stm32l4xx_hal_dma.o
 .debug_aranges
                0x0000000000000208       0x58 Drivers/STM32L4xx_HAL_Driver/Src/stm32l4xx_hal_gpio.o
 .debug_aranges
                0x0000000000000260       0xc0 Drivers/STM32L4xx_HAL_Driver/Src/stm32l4xx_hal_pcd.o
 .debug_aranges
                0x0000000000000320       0x50 Drivers/STM32L4xx_HAL_Driver/Src/stm32l4xx_hal_pcd_ex.o
 .debug_aranges
                0x0000000000000370      0x100 Drivers/STM32L4xx_HAL_Driver/Src/stm32l4xx_hal_pwr_ex.o
 .debug_aranges
                0x0000000000000470       0x88 Drivers/STM32L4xx_HAL_Driver/Src/stm32l4xx_hal_rcc.o
 .debug_aranges
                0x00000000000004f8       0xd0 Drivers/STM32L4xx_HAL_Driver/Src/stm32l4xx_hal_rcc_ex.o
 .debug_aranges
                0x00000000000005c8      0x198 Drivers/STM32L4xx_HAL_Driver/Src/stm32l4xx_hal_uart.o
 .debug_aranges
                0x0000000000000760       0xf0 Drivers/STM32L4xx_HAL_Driver/Src/stm32l4xx_ll_usb.o
 .debug_aranges
                0x0000000000000850       0x68 Middlewares/ST/STM32_USB_Device_Library/Class/CustomHID/Src/usbd_customhid.o
 .debug_aranges
                0x00000000000008b8       0xa8 Middlewares/ST/STM32_USB_Device_Library/Core/Src/usbd_core.o
 .debug_aranges
                0x0000000000000960       0x48 Middlewares/ST/STM32_USB_Device_Library/Core/Src/usbd_ctlreq.o
 .debug_aranges
                0x00000000000009a8       0x50 Middlewares/ST/STM32_USB_Device_Library/Core/Src/usbd_ioreq.o
 .debug_aranges
                0x00000000000009f8       0x20 Src/dma.o
 .debug_aranges
                0x0000000000000a18       0x20 Src/gpio.o
 .debug_aranges
                0x0000000000000a38       0x30 Src/main.o
 .debug_aranges
                0x0000000000000a68       0x48 Src/sbus.o
 .debug_aranges
                0x0000000000000ab0       0x20 Src/stm32l4xx_hal_msp.o
 .debug_aranges
                0x0000000000000ad0       0x38 Src/stm32l4xx_it.o
 .debug_aranges
                0x0000000000000b08       0x28 Src/system_stm32l4xx.o
 .debug_aranges
                0x0000000000000b30       0x38 Src/usart.o
 .debug_aranges
                0x0000000000000b68       0x28 Src/usb_device.o
 .debug_aranges
                0x0000000000000b90      0x120 Src/usbd_conf.o
 .debug_aranges
                0x0000000000000cb0       0x28 Src/usbd_custom_hid_if.o
 .debug_aranges
                0x0000000000000cd8       0x58 Src/usbd_desc.o
 .debug_aranges
                0x0000000000000d30       0x28 startup/startup_stm32l432xx.o

.debug_ranges   0x0000000000000000     0x1210
 .debug_ranges  0x0000000000000000       0xd8 Drivers/STM32L4xx_HAL_Driver/Src/stm32l4xx_hal.o
 .debug_ranges  0x00000000000000d8      0x138 Drivers/STM32L4xx_HAL_Driver/Src/stm32l4xx_hal_cortex.o
 .debug_ranges  0x0000000000000210       0xb8 Drivers/STM32L4xx_HAL_Driver/Src/stm32l4xx_hal_dma.o
 .debug_ranges  0x00000000000002c8       0x60 Drivers/STM32L4xx_HAL_Driver/Src/stm32l4xx_hal_gpio.o
 .debug_ranges  0x0000000000000328      0x170 Drivers/STM32L4xx_HAL_Driver/Src/stm32l4xx_hal_pcd.o
 .debug_ranges  0x0000000000000498       0x40 Drivers/STM32L4xx_HAL_Driver/Src/stm32l4xx_hal_pcd_ex.o
 .debug_ranges  0x00000000000004d8       0xf0 Drivers/STM32L4xx_HAL_Driver/Src/stm32l4xx_hal_pwr_ex.o
 .debug_ranges  0x00000000000005c8       0xc8 Drivers/STM32L4xx_HAL_Driver/Src/stm32l4xx_hal_rcc.o
 .debug_ranges  0x0000000000000690      0x100 Drivers/STM32L4xx_HAL_Driver/Src/stm32l4xx_hal_rcc_ex.o
 .debug_ranges  0x0000000000000790      0x1a8 Drivers/STM32L4xx_HAL_Driver/Src/stm32l4xx_hal_uart.o
 .debug_ranges  0x0000000000000938      0x2e0 Drivers/STM32L4xx_HAL_Driver/Src/stm32l4xx_ll_usb.o
 .debug_ranges  0x0000000000000c18       0x58 Middlewares/ST/STM32_USB_Device_Library/Class/CustomHID/Src/usbd_customhid.o
 .debug_ranges  0x0000000000000c70       0x98 Middlewares/ST/STM32_USB_Device_Library/Core/Src/usbd_core.o
 .debug_ranges  0x0000000000000d08       0xe0 Middlewares/ST/STM32_USB_Device_Library/Core/Src/usbd_ctlreq.o
 .debug_ranges  0x0000000000000de8       0x40 Middlewares/ST/STM32_USB_Device_Library/Core/Src/usbd_ioreq.o
 .debug_ranges  0x0000000000000e28       0x38 Src/dma.o
 .debug_ranges  0x0000000000000e60       0x28 Src/gpio.o
 .debug_ranges  0x0000000000000e88       0x68 Src/main.o
 .debug_ranges  0x0000000000000ef0       0x68 Src/sbus.o
 .debug_ranges  0x0000000000000f58       0x48 Src/stm32l4xx_hal_msp.o
 .debug_ranges  0x0000000000000fa0       0x28 Src/stm32l4xx_it.o
 .debug_ranges  0x0000000000000fc8       0x18 Src/system_stm32l4xx.o
 .debug_ranges  0x0000000000000fe0       0x60 Src/usart.o
 .debug_ranges  0x0000000000001040       0x18 Src/usb_device.o
 .debug_ranges  0x0000000000001058      0x138 Src/usbd_conf.o
 .debug_ranges  0x0000000000001190       0x18 Src/usbd_custom_hid_if.o
 .debug_ranges  0x00000000000011a8       0x48 Src/usbd_desc.o
 .debug_ranges  0x00000000000011f0       0x20 startup/startup_stm32l432xx.o

.debug_macro    0x0000000000000000    0x246c3
 .debug_macro   0x0000000000000000      0x393 Drivers/STM32L4xx_HAL_Driver/Src/stm32l4xx_hal.o
 .debug_macro   0x0000000000000393      0xa60 Drivers/STM32L4xx_HAL_Driver/Src/stm32l4xx_hal.o
 .debug_macro   0x0000000000000df3       0x40 Drivers/STM32L4xx_HAL_Driver/Src/stm32l4xx_hal.o
 .debug_macro   0x0000000000000e33       0xb4 Drivers/STM32L4xx_HAL_Driver/Src/stm32l4xx_hal.o
 .debug_macro   0x0000000000000ee7       0x2e Drivers/STM32L4xx_HAL_Driver/Src/stm32l4xx_hal.o
 .debug_macro   0x0000000000000f15       0x28 Drivers/STM32L4xx_HAL_Driver/Src/stm32l4xx_hal.o
 .debug_macro   0x0000000000000f3d       0x22 Drivers/STM32L4xx_HAL_Driver/Src/stm32l4xx_hal.o
 .debug_macro   0x0000000000000f5f       0x87 Drivers/STM32L4xx_HAL_Driver/Src/stm32l4xx_hal.o
 .debug_macro   0x0000000000000fe6       0x51 Drivers/STM32L4xx_HAL_Driver/Src/stm32l4xx_hal.o
 .debug_macro   0x0000000000001037       0xef Drivers/STM32L4xx_HAL_Driver/Src/stm32l4xx_hal.o
 .debug_macro   0x0000000000001126       0x6a Drivers/STM32L4xx_HAL_Driver/Src/stm32l4xx_hal.o
 .debug_macro   0x0000000000001190      0x1df Drivers/STM32L4xx_HAL_Driver/Src/stm32l4xx_hal.o
 .debug_macro   0x000000000000136f       0x35 Drivers/STM32L4xx_HAL_Driver/Src/stm32l4xx_hal.o
 .debug_macro   0x00000000000013a4       0x50 Drivers/STM32L4xx_HAL_Driver/Src/stm32l4xx_hal.o
 .debug_macro   0x00000000000013f4      0xe66 Drivers/STM32L4xx_HAL_Driver/Src/stm32l4xx_hal.o
 .debug_macro   0x000000000000225a    0x1470c Drivers/STM32L4xx_HAL_Driver/Src/stm32l4xx_hal.o
 .debug_macro   0x0000000000016966       0x43 Drivers/STM32L4xx_HAL_Driver/Src/stm32l4xx_hal.o
 .debug_macro   0x00000000000169a9     0x36a8 Drivers/STM32L4xx_HAL_Driver/Src/stm32l4xx_hal.o
 .debug_macro   0x000000000001a051       0x58 Drivers/STM32L4xx_HAL_Driver/Src/stm32l4xx_hal.o
 .debug_macro   0x000000000001a0a9       0x17 Drivers/STM32L4xx_HAL_Driver/Src/stm32l4xx_hal.o
 .debug_macro   0x000000000001a0c0       0x35 Drivers/STM32L4xx_HAL_Driver/Src/stm32l4xx_hal.o
 .debug_macro   0x000000000001a0f5       0x9c Drivers/STM32L4xx_HAL_Driver/Src/stm32l4xx_hal.o
 .debug_macro   0x000000000001a191       0x16 Drivers/STM32L4xx_HAL_Driver/Src/stm32l4xx_hal.o
 .debug_macro   0x000000000001a1a7       0x97 Drivers/STM32L4xx_HAL_Driver/Src/stm32l4xx_hal.o
 .debug_macro   0x000000000001a23e      0x330 Drivers/STM32L4xx_HAL_Driver/Src/stm32l4xx_hal.o
 .debug_macro   0x000000000001a56e       0xfd Drivers/STM32L4xx_HAL_Driver/Src/stm32l4xx_hal.o
 .debug_macro   0x000000000001a66b       0x10 Drivers/STM32L4xx_HAL_Driver/Src/stm32l4xx_hal.o
 .debug_macro   0x000000000001a67b       0x58 Drivers/STM32L4xx_HAL_Driver/Src/stm32l4xx_hal.o
 .debug_macro   0x000000000001a6d3       0x1f Drivers/STM32L4xx_HAL_Driver/Src/stm32l4xx_hal.o
 .debug_macro   0x000000000001a6f2       0x43 Drivers/STM32L4xx_HAL_Driver/Src/stm32l4xx_hal.o
 .debug_macro   0x000000000001a735       0x20 Drivers/STM32L4xx_HAL_Driver/Src/stm32l4xx_hal.o
 .debug_macro   0x000000000001a755      0x18e Drivers/STM32L4xx_HAL_Driver/Src/stm32l4xx_hal.o
 .debug_macro   0x000000000001a8e3       0x10 Drivers/STM32L4xx_HAL_Driver/Src/stm32l4xx_hal.o
 .debug_macro   0x000000000001a8f3       0x1c Drivers/STM32L4xx_HAL_Driver/Src/stm32l4xx_hal.o
 .debug_macro   0x000000000001a90f       0x52 Drivers/STM32L4xx_HAL_Driver/Src/stm32l4xx_hal.o
 .debug_macro   0x000000000001a961       0x40 Drivers/STM32L4xx_HAL_Driver/Src/stm32l4xx_hal.o
 .debug_macro   0x000000000001a9a1       0x10 Drivers/STM32L4xx_HAL_Driver/Src/stm32l4xx_hal.o
 .debug_macro   0x000000000001a9b1       0x40 Drivers/STM32L4xx_HAL_Driver/Src/stm32l4xx_hal.o
 .debug_macro   0x000000000001a9f1       0xd7 Drivers/STM32L4xx_HAL_Driver/Src/stm32l4xx_hal.o
 .debug_macro   0x000000000001aac8       0x1c Drivers/STM32L4xx_HAL_Driver/Src/stm32l4xx_hal.o
 .debug_macro   0x000000000001aae4       0x3d Drivers/STM32L4xx_HAL_Driver/Src/stm32l4xx_hal.o
 .debug_macro   0x000000000001ab21       0x16 Drivers/STM32L4xx_HAL_Driver/Src/stm32l4xx_hal.o
 .debug_macro   0x000000000001ab37      0x16f Drivers/STM32L4xx_HAL_Driver/Src/stm32l4xx_hal.o
 .debug_macro   0x000000000001aca6       0x50 Drivers/STM32L4xx_HAL_Driver/Src/stm32l4xx_hal.o
 .debug_macro   0x000000000001acf6     0x1192 Drivers/STM32L4xx_HAL_Driver/Src/stm32l4xx_hal.o
 .debug_macro   0x000000000001be88      0x535 Drivers/STM32L4xx_HAL_Driver/Src/stm32l4xx_hal.o
 .debug_macro   0x000000000001c3bd      0x148 Drivers/STM32L4xx_HAL_Driver/Src/stm32l4xx_hal.o
 .debug_macro   0x000000000001c505      0x10b Drivers/STM32L4xx_HAL_Driver/Src/stm32l4xx_hal.o
 .debug_macro   0x000000000001c610      0x26b Drivers/STM32L4xx_HAL_Driver/Src/stm32l4xx_hal.o
 .debug_macro   0x000000000001c87b      0x23a Drivers/STM32L4xx_HAL_Driver/Src/stm32l4xx_hal.o
 .debug_macro   0x000000000001cab5      0x360 Drivers/STM32L4xx_HAL_Driver/Src/stm32l4xx_hal.o
 .debug_macro   0x000000000001ce15       0x10 Drivers/STM32L4xx_HAL_Driver/Src/stm32l4xx_hal.o
 .debug_macro   0x000000000001ce25       0xe4 Drivers/STM32L4xx_HAL_Driver/Src/stm32l4xx_hal.o
 .debug_macro   0x000000000001cf09      0x202 Drivers/STM32L4xx_HAL_Driver/Src/stm32l4xx_hal.o
 .debug_macro   0x000000000001d10b       0x61 Drivers/STM32L4xx_HAL_Driver/Src/stm32l4xx_hal.o
 .debug_macro   0x000000000001d16c       0x90 Drivers/STM32L4xx_HAL_Driver/Src/stm32l4xx_hal.o
 .debug_macro   0x000000000001d1fc      0x126 Drivers/STM32L4xx_HAL_Driver/Src/stm32l4xx_hal.o
 .debug_macro   0x000000000001d322      0x2d2 Drivers/STM32L4xx_HAL_Driver/Src/stm32l4xx_hal.o
 .debug_macro   0x000000000001d5f4      0x535 Drivers/STM32L4xx_HAL_Driver/Src/stm32l4xx_hal.o
 .debug_macro   0x000000000001db29       0x44 Drivers/STM32L4xx_HAL_Driver/Src/stm32l4xx_hal.o
 .debug_macro   0x000000000001db6d       0x50 Drivers/STM32L4xx_HAL_Driver/Src/stm32l4xx_hal.o
 .debug_macro   0x000000000001dbbd      0x265 Drivers/STM32L4xx_HAL_Driver/Src/stm32l4xx_hal.o
 .debug_macro   0x000000000001de22      0x21a Drivers/STM32L4xx_HAL_Driver/Src/stm32l4xx_hal.o
 .debug_macro   0x000000000001e03c      0x34b Drivers/STM32L4xx_HAL_Driver/Src/stm32l4xx_hal_cortex.o
 .debug_macro   0x000000000001e387      0x34b Drivers/STM32L4xx_HAL_Driver/Src/stm32l4xx_hal_dma.o
 .debug_macro   0x000000000001e6d2      0x38a Drivers/STM32L4xx_HAL_Driver/Src/stm32l4xx_hal_gpio.o
 .debug_macro   0x000000000001ea5c      0x363 Drivers/STM32L4xx_HAL_Driver/Src/stm32l4xx_hal_pcd.o
 .debug_macro   0x000000000001edbf      0x34b Drivers/STM32L4xx_HAL_Driver/Src/stm32l4xx_hal_pcd_ex.o
 .debug_macro   0x000000000001f10a      0x36f Drivers/STM32L4xx_HAL_Driver/Src/stm32l4xx_hal_pwr_ex.o
 .debug_macro   0x000000000001f479      0x38d Drivers/STM32L4xx_HAL_Driver/Src/stm32l4xx_hal_rcc.o
 .debug_macro   0x000000000001f806      0x381 Drivers/STM32L4xx_HAL_Driver/Src/stm32l4xx_hal_rcc_ex.o
 .debug_macro   0x000000000001fb87      0x374 Drivers/STM32L4xx_HAL_Driver/Src/stm32l4xx_hal_uart.o
 .debug_macro   0x000000000001fefb      0x34b Drivers/STM32L4xx_HAL_Driver/Src/stm32l4xx_ll_usb.o
 .debug_macro   0x0000000000020246      0x40b Middlewares/ST/STM32_USB_Device_Library/Class/CustomHID/Src/usbd_customhid.o
 .debug_macro   0x0000000000020651       0x52 Middlewares/ST/STM32_USB_Device_Library/Class/CustomHID/Src/usbd_customhid.o
 .debug_macro   0x00000000000206a3       0x8d Middlewares/ST/STM32_USB_Device_Library/Class/CustomHID/Src/usbd_customhid.o
 .debug_macro   0x0000000000020730       0x57 Middlewares/ST/STM32_USB_Device_Library/Class/CustomHID/Src/usbd_customhid.o
 .debug_macro   0x0000000000020787       0x16 Middlewares/ST/STM32_USB_Device_Library/Class/CustomHID/Src/usbd_customhid.o
 .debug_macro   0x000000000002079d       0x35 Middlewares/ST/STM32_USB_Device_Library/Class/CustomHID/Src/usbd_customhid.o
 .debug_macro   0x00000000000207d2       0x16 Middlewares/ST/STM32_USB_Device_Library/Class/CustomHID/Src/usbd_customhid.o
 .debug_macro   0x00000000000207e8       0x29 Middlewares/ST/STM32_USB_Device_Library/Class/CustomHID/Src/usbd_customhid.o
 .debug_macro   0x0000000000020811       0x16 Middlewares/ST/STM32_USB_Device_Library/Class/CustomHID/Src/usbd_customhid.o
 .debug_macro   0x0000000000020827       0x78 Middlewares/ST/STM32_USB_Device_Library/Class/CustomHID/Src/usbd_customhid.o
 .debug_macro   0x000000000002089f      0x1c3 Middlewares/ST/STM32_USB_Device_Library/Class/CustomHID/Src/usbd_customhid.o
 .debug_macro   0x0000000000020a62       0x5e Middlewares/ST/STM32_USB_Device_Library/Class/CustomHID/Src/usbd_customhid.o
 .debug_macro   0x0000000000020ac0      0x3e4 Middlewares/ST/STM32_USB_Device_Library/Core/Src/usbd_core.o
 .debug_macro   0x0000000000020ea4      0x1c9 Middlewares/ST/STM32_USB_Device_Library/Core/Src/usbd_core.o
 .debug_macro   0x000000000002106d      0x3ee Middlewares/ST/STM32_USB_Device_Library/Core/Src/usbd_ctlreq.o
 .debug_macro   0x000000000002145b      0x3ea Middlewares/ST/STM32_USB_Device_Library/Core/Src/usbd_ioreq.o
 .debug_macro   0x0000000000021845      0x355 Src/dma.o
 .debug_macro   0x0000000000021b9a      0x355 Src/gpio.o
 .debug_macro   0x0000000000021eef      0x45b Src/main.o
 .debug_macro   0x000000000002234a       0x22 Src/main.o
 .debug_macro   0x000000000002236c       0x28 Src/main.o
 .debug_macro   0x0000000000022394      0x37a Src/sbus.o
 .debug_macro   0x000000000002270e      0x1e1 Src/sbus.o
 .debug_macro   0x00000000000228ef      0x34b Src/stm32l4xx_hal_msp.o
 .debug_macro   0x0000000000022c3a      0x377 Src/stm32l4xx_it.o
 .debug_macro   0x0000000000022fb1      0x352 Src/system_stm32l4xx.o
 .debug_macro   0x0000000000023303      0x369 Src/usart.o
 .debug_macro   0x000000000002366c      0x425 Src/usb_device.o
 .debug_macro   0x0000000000023a91      0x407 Src/usbd_conf.o
 .debug_macro   0x0000000000023e98      0x403 Src/usbd_custom_hid_if.o
 .debug_macro   0x000000000002429b      0x428 Src/usbd_desc.o

.debug_line     0x0000000000000000    0x12544
 .debug_line    0x0000000000000000      0xa46 Drivers/STM32L4xx_HAL_Driver/Src/stm32l4xx_hal.o
 .debug_line    0x0000000000000a46      0xac4 Drivers/STM32L4xx_HAL_Driver/Src/stm32l4xx_hal_cortex.o
 .debug_line    0x000000000000150a      0xbf2 Drivers/STM32L4xx_HAL_Driver/Src/stm32l4xx_hal_dma.o
 .debug_line    0x00000000000020fc      0x9f9 Drivers/STM32L4xx_HAL_Driver/Src/stm32l4xx_hal_gpio.o
 .debug_line    0x0000000000002af5      0xcba Drivers/STM32L4xx_HAL_Driver/Src/stm32l4xx_hal_pcd.o
 .debug_line    0x00000000000037af      0x921 Drivers/STM32L4xx_HAL_Driver/Src/stm32l4xx_hal_pcd_ex.o
 .debug_line    0x00000000000040d0      0xbb0 Drivers/STM32L4xx_HAL_Driver/Src/stm32l4xx_hal_pwr_ex.o
 .debug_line    0x0000000000004c80      0xc5a Drivers/STM32L4xx_HAL_Driver/Src/stm32l4xx_hal_rcc.o
 .debug_line    0x00000000000058da      0xd6e Drivers/STM32L4xx_HAL_Driver/Src/stm32l4xx_hal_rcc_ex.o
 .debug_line    0x0000000000006648     0x15f4 Drivers/STM32L4xx_HAL_Driver/Src/stm32l4xx_hal_uart.o
 .debug_line    0x0000000000007c3c      0xbfa Drivers/STM32L4xx_HAL_Driver/Src/stm32l4xx_ll_usb.o
 .debug_line    0x0000000000008836      0xb24 Middlewares/ST/STM32_USB_Device_Library/Class/CustomHID/Src/usbd_customhid.o
 .debug_line    0x000000000000935a      0xb50 Middlewares/ST/STM32_USB_Device_Library/Core/Src/usbd_core.o
 .debug_line    0x0000000000009eaa      0xad8 Middlewares/ST/STM32_USB_Device_Library/Core/Src/usbd_ctlreq.o
 .debug_line    0x000000000000a982      0x9dc Middlewares/ST/STM32_USB_Device_Library/Core/Src/usbd_ioreq.o
 .debug_line    0x000000000000b35e      0x84a Src/dma.o
 .debug_line    0x000000000000bba8      0x846 Src/gpio.o
 .debug_line    0x000000000000c3ee      0xa9d Src/main.o
 .debug_line    0x000000000000ce8b      0x97b Src/sbus.o
 .debug_line    0x000000000000d806      0x854 Src/stm32l4xx_hal_msp.o
 .debug_line    0x000000000000e05a      0x8bd Src/stm32l4xx_it.o
 .debug_line    0x000000000000e917      0x8a8 Src/system_stm32l4xx.o
 .debug_line    0x000000000000f1bf      0x925 Src/usart.o
 .debug_line    0x000000000000fae4      0xa0c Src/usb_device.o
 .debug_line    0x00000000000104f0      0xc45 Src/usbd_conf.o
 .debug_line    0x0000000000011135      0x9d2 Src/usbd_custom_hid_if.o
 .debug_line    0x0000000000011b07      0x9be Src/usbd_desc.o
 .debug_line    0x00000000000124c5       0x7f startup/startup_stm32l432xx.o

.debug_str      0x0000000000000000    0xbf9e8
 .debug_str     0x0000000000000000    0xba21d Drivers/STM32L4xx_HAL_Driver/Src/stm32l4xx_hal.o
                                      0xba688 (size before relaxing)
 .debug_str     0x00000000000ba21d      0x3a7 Drivers/STM32L4xx_HAL_Driver/Src/stm32l4xx_hal_cortex.o
                                      0xba4a3 (size before relaxing)
 .debug_str     0x00000000000ba5c4      0x3f5 Drivers/STM32L4xx_HAL_Driver/Src/stm32l4xx_hal_dma.o
                                      0xba017 (size before relaxing)
 .debug_str     0x00000000000ba9b9      0x307 Drivers/STM32L4xx_HAL_Driver/Src/stm32l4xx_hal_gpio.o
                                      0xba04a (size before relaxing)
 .debug_str     0x00000000000bacc0      0x8ae Drivers/STM32L4xx_HAL_Driver/Src/stm32l4xx_hal_pcd.o
                                      0xba565 (size before relaxing)
 .debug_str     0x00000000000bb56e      0x17e Drivers/STM32L4xx_HAL_Driver/Src/stm32l4xx_hal_pcd_ex.o
                                      0xba133 (size before relaxing)
 .debug_str     0x00000000000bb6ec      0x40f Drivers/STM32L4xx_HAL_Driver/Src/stm32l4xx_hal_pwr_ex.o
                                      0xba1d0 (size before relaxing)
 .debug_str     0x00000000000bbafb      0x4e6 Drivers/STM32L4xx_HAL_Driver/Src/stm32l4xx_hal_rcc.o
                                      0xba308 (size before relaxing)
 .debug_str     0x00000000000bbfe1      0x6e1 Drivers/STM32L4xx_HAL_Driver/Src/stm32l4xx_hal_rcc_ex.o
                                      0xba5c4 (size before relaxing)
 .debug_str     0x00000000000bc6c2      0xac8 Drivers/STM32L4xx_HAL_Driver/Src/stm32l4xx_hal_uart.o
                                      0xbaa9b (size before relaxing)
 .debug_str     0x00000000000bd18a      0x143 Drivers/STM32L4xx_HAL_Driver/Src/stm32l4xx_ll_usb.o
                                      0xba0f7 (size before relaxing)
 .debug_str     0x00000000000bd2cd     0x127a Middlewares/ST/STM32_USB_Device_Library/Class/CustomHID/Src/usbd_customhid.o
                                      0xbaefe (size before relaxing)
 .debug_str     0x00000000000be547      0x294 Middlewares/ST/STM32_USB_Device_Library/Core/Src/usbd_core.o
                                      0xbac83 (size before relaxing)
 .debug_str     0x00000000000be7db      0x11b Middlewares/ST/STM32_USB_Device_Library/Core/Src/usbd_ctlreq.o
                                      0xbab9d (size before relaxing)
 .debug_str     0x00000000000be8f6       0x67 Middlewares/ST/STM32_USB_Device_Library/Core/Src/usbd_ioreq.o
                                      0xbaaca (size before relaxing)
 .debug_str     0x00000000000be95d       0x22 Src/dma.o
                                      0xba0c2 (size before relaxing)
 .debug_str     0x00000000000be97f       0x25 Src/gpio.o
                                      0xb9cd2 (size before relaxing)
 .debug_str     0x00000000000be9a4      0x24c Src/main.o
                                      0xbbbef (size before relaxing)
 .debug_str     0x00000000000bebf0      0x902 Src/sbus.o
                                      0xbab0d (size before relaxing)
 .debug_str     0x00000000000bf4f2       0x1b Src/stm32l4xx_hal_msp.o
                                      0xba0d1 (size before relaxing)
 .debug_str     0x00000000000bf50d       0x7e Src/stm32l4xx_it.o
                                      0xba562 (size before relaxing)
 .debug_str     0x00000000000bf58b       0x50 Src/system_stm32l4xx.o
                                      0xb9d74 (size before relaxing)
 .debug_str     0x00000000000bf5db       0x1a Src/usart.o
                                      0xba6bb (size before relaxing)
 .debug_str     0x00000000000bf5f5       0x48 Src/usb_device.o
                                      0xbb117 (size before relaxing)
 .debug_str     0x00000000000bf63d       0x87 Src/usbd_conf.o
                                      0xbba2b (size before relaxing)
 .debug_str     0x00000000000bf6c4       0x7e Src/usbd_custom_hid_if.o
                                      0xbac97 (size before relaxing)
 .debug_str     0x00000000000bf742      0x276 Src/usbd_desc.o
                                      0xba9a4 (size before relaxing)
 .debug_str     0x00000000000bf9b8       0x30 startup/startup_stm32l432xx.o
                                         0x56 (size before relaxing)

.comment        0x0000000000000000       0x7e
 .comment       0x0000000000000000       0x7e Drivers/STM32L4xx_HAL_Driver/Src/stm32l4xx_hal.o
                                         0x7f (size before relaxing)
 .comment       0x000000000000007e       0x7f Drivers/STM32L4xx_HAL_Driver/Src/stm32l4xx_hal_cortex.o
 .comment       0x000000000000007e       0x7f Drivers/STM32L4xx_HAL_Driver/Src/stm32l4xx_hal_dma.o
 .comment       0x000000000000007e       0x7f Drivers/STM32L4xx_HAL_Driver/Src/stm32l4xx_hal_gpio.o
 .comment       0x000000000000007e       0x7f Drivers/STM32L4xx_HAL_Driver/Src/stm32l4xx_hal_pcd.o
 .comment       0x000000000000007e       0x7f Drivers/STM32L4xx_HAL_Driver/Src/stm32l4xx_hal_pcd_ex.o
 .comment       0x000000000000007e       0x7f Drivers/STM32L4xx_HAL_Driver/Src/stm32l4xx_hal_pwr_ex.o
 .comment       0x000000000000007e       0x7f Drivers/STM32L4xx_HAL_Driver/Src/stm32l4xx_hal_rcc.o
 .comment       0x000000000000007e       0x7f Drivers/STM32L4xx_HAL_Driver/Src/stm32l4xx_hal_rcc_ex.o
 .comment       0x000000000000007e       0x7f Drivers/STM32L4xx_HAL_Driver/Src/stm32l4xx_hal_uart.o
 .comment       0x000000000000007e       0x7f Drivers/STM32L4xx_HAL_Driver/Src/stm32l4xx_ll_usb.o
 .comment       0x000000000000007e       0x7f Middlewares/ST/STM32_USB_Device_Library/Class/CustomHID/Src/usbd_customhid.o
 .comment       0x000000000000007e       0x7f Middlewares/ST/STM32_USB_Device_Library/Core/Src/usbd_core.o
 .comment       0x000000000000007e       0x7f Middlewares/ST/STM32_USB_Device_Library/Core/Src/usbd_ctlreq.o
 .comment       0x000000000000007e       0x7f Middlewares/ST/STM32_USB_Device_Library/Core/Src/usbd_ioreq.o
 .comment       0x000000000000007e       0x7f Src/dma.o
 .comment       0x000000000000007e       0x7f Src/gpio.o
 .comment       0x000000000000007e       0x7f Src/main.o
 .comment       0x000000000000007e       0x7f Src/sbus.o
 .comment       0x000000000000007e       0x7f Src/stm32l4xx_hal_msp.o
 .comment       0x000000000000007e       0x7f Src/stm32l4xx_it.o
 .comment       0x000000000000007e       0x7f Src/system_stm32l4xx.o
 .comment       0x000000000000007e       0x7f Src/usart.o
 .comment       0x000000000000007e       0x7f Src/usb_device.o
 .comment       0x000000000000007e       0x7f Src/usbd_conf.o
 .comment       0x000000000000007e       0x7f Src/usbd_custom_hid_if.o
 .comment       0x000000000000007e       0x7f Src/usbd_desc.o

.debug_frame    0x0000000000000000     0x23d0
 .debug_frame   0x0000000000000000      0x1f0 Drivers/STM32L4xx_HAL_Driver/Src/stm32l4xx_hal.o
 .debug_frame   0x00000000000001f0      0x178 Drivers/STM32L4xx_HAL_Driver/Src/stm32l4xx_hal_cortex.o
 .debug_frame   0x0000000000000368      0x1a4 Drivers/STM32L4xx_HAL_Driver/Src/stm32l4xx_hal_dma.o
 .debug_frame   0x000000000000050c       0xf0 Drivers/STM32L4xx_HAL_Driver/Src/stm32l4xx_hal_gpio.o
 .debug_frame   0x00000000000005fc      0x300 Drivers/STM32L4xx_HAL_Driver/Src/stm32l4xx_hal_pcd.o
 .debug_frame   0x00000000000008fc       0x9c Drivers/STM32L4xx_HAL_Driver/Src/stm32l4xx_hal_pcd_ex.o
 .debug_frame   0x0000000000000998      0x1f8 Drivers/STM32L4xx_HAL_Driver/Src/stm32l4xx_hal_pwr_ex.o
 .debug_frame   0x0000000000000b90      0x18c Drivers/STM32L4xx_HAL_Driver/Src/stm32l4xx_hal_rcc.o
 .debug_frame   0x0000000000000d1c      0x244 Drivers/STM32L4xx_HAL_Driver/Src/stm32l4xx_hal_rcc_ex.o
 .debug_frame   0x0000000000000f60      0x618 Drivers/STM32L4xx_HAL_Driver/Src/stm32l4xx_hal_uart.o
 .debug_frame   0x0000000000001578      0x280 Drivers/STM32L4xx_HAL_Driver/Src/stm32l4xx_ll_usb.o
 .debug_frame   0x00000000000017f8       0xf0 Middlewares/ST/STM32_USB_Device_Library/Class/CustomHID/Src/usbd_customhid.o
 .debug_frame   0x00000000000018e8      0x1c0 Middlewares/ST/STM32_USB_Device_Library/Core/Src/usbd_core.o
 .debug_frame   0x0000000000001aa8       0xbc Middlewares/ST/STM32_USB_Device_Library/Core/Src/usbd_ctlreq.o
 .debug_frame   0x0000000000001b64       0xc0 Middlewares/ST/STM32_USB_Device_Library/Core/Src/usbd_ioreq.o
 .debug_frame   0x0000000000001c24       0x30 Src/dma.o
 .debug_frame   0x0000000000001c54       0x28 Src/gpio.o
 .debug_frame   0x0000000000001c7c       0x70 Src/main.o
 .debug_frame   0x0000000000001cec       0xc4 Src/sbus.o
 .debug_frame   0x0000000000001db0       0x30 Src/stm32l4xx_hal_msp.o
 .debug_frame   0x0000000000001de0       0x64 Src/stm32l4xx_it.o
 .debug_frame   0x0000000000001e44       0x48 Src/system_stm32l4xx.o
 .debug_frame   0x0000000000001e8c       0xa4 Src/usart.o
 .debug_frame   0x0000000000001f30       0x54 Src/usb_device.o
 .debug_frame   0x0000000000001f84      0x2c8 Src/usbd_conf.o
 .debug_frame   0x000000000000224c       0x40 Src/usbd_custom_hid_if.o
 .debug_frame   0x000000000000228c       0xb8 Src/usbd_desc.o
 .debug_frame   0x0000000000002344       0x2c /Applications/Eclipse.app/Contents/Eclipse/plugins/fr.ac6.mcu.externaltools.arm-none.macos64_1.15.0.201708311556/tools/compiler/bin/../lib/gcc/arm-none-eabi/7.2.1/thumb/v7e-m/fpv4-sp/hard/libgcc.a(_aeabi_uldivmod.o)
 .debug_frame   0x0000000000002370       0x34 /Applications/Eclipse.app/Contents/Eclipse/plugins/fr.ac6.mcu.externaltools.arm-none.macos64_1.15.0.201708311556/tools/compiler/bin/../lib/gcc/arm-none-eabi/7.2.1/thumb/v7e-m/fpv4-sp/hard/libgcc.a(_udivmoddi4.o)
 .debug_frame   0x00000000000023a4       0x2c /Applications/Eclipse.app/Contents/Eclipse/plugins/fr.ac6.mcu.externaltools.arm-none.macos64_1.15.0.201708311556/tools/compiler/bin/../lib/gcc/arm-none-eabi/7.2.1/../../../../arm-none-eabi/lib/thumb/v7e-m/fpv4-sp/hard/libc_nano.a(lib_a-init.o)
